Component: ARM Compiler 5.06 update 6 (build 750) Tool: armlink [4d35ed]

==============================================================================

Section Cross References

    queue.o(i.pcQueueGetName) refers to queue.o(.bss) for .bss
    queue.o(i.prvCopyDataFromQueue) refers to memcpya.o(.text) for __aeabi_memcpy
    queue.o(i.prvCopyDataToQueue) refers to memcpya.o(.text) for __aeabi_memcpy
    queue.o(i.prvCopyDataToQueue) refers to tasks.o(i.xTaskPriorityDisinherit) for xTaskPriorityDisinherit
    queue.o(i.prvIsQueueEmpty) refers to port.o(i.vPortEnterCritical) for vPortEnterCritical
    queue.o(i.prvIsQueueEmpty) refers to port.o(i.vPortExitCritical) for vPortExitCritical
    queue.o(i.prvUnlockQueue) refers to port.o(i.vPortEnterCritical) for vPortEnterCritical
    queue.o(i.prvUnlockQueue) refers to tasks.o(i.xTaskRemoveFromEventList) for xTaskRemoveFromEventList
    queue.o(i.prvUnlockQueue) refers to tasks.o(i.vTaskMissedYield) for vTaskMissedYield
    queue.o(i.prvUnlockQueue) refers to port.o(i.vPortExitCritical) for vPortExitCritical
    queue.o(i.uxQueueMessagesWaiting) refers to port.o(i.vPortEnterCritical) for vPortEnterCritical
    queue.o(i.uxQueueMessagesWaiting) refers to port.o(i.vPortExitCritical) for vPortExitCritical
    queue.o(i.uxQueueSpacesAvailable) refers to port.o(i.vPortEnterCritical) for vPortEnterCritical
    queue.o(i.uxQueueSpacesAvailable) refers to port.o(i.vPortExitCritical) for vPortExitCritical
    queue.o(i.vQueueAddToRegistry) refers to queue.o(.bss) for .bss
    queue.o(i.vQueueDelete) refers to queue.o(i.vQueueUnregisterQueue) for vQueueUnregisterQueue
    queue.o(i.vQueueDelete) refers to heap_4.o(i.vPortFree) for vPortFree
    queue.o(i.vQueueUnregisterQueue) refers to queue.o(.bss) for .bss
    queue.o(i.vQueueWaitForMessageRestricted) refers to port.o(i.vPortEnterCritical) for vPortEnterCritical
    queue.o(i.vQueueWaitForMessageRestricted) refers to port.o(i.vPortExitCritical) for vPortExitCritical
    queue.o(i.vQueueWaitForMessageRestricted) refers to tasks.o(i.vTaskPlaceOnEventListRestricted) for vTaskPlaceOnEventListRestricted
    queue.o(i.vQueueWaitForMessageRestricted) refers to queue.o(i.prvUnlockQueue) for prvUnlockQueue
    queue.o(i.xQueueCreateMutex) refers to queue.o(i.xQueueGenericCreate) for xQueueGenericCreate
    queue.o(i.xQueueCreateMutex) refers to queue.o(i.xQueueGenericSend) for xQueueGenericSend
    queue.o(i.xQueueGenericCreate) refers to heap_4.o(i.pvPortMalloc) for pvPortMalloc
    queue.o(i.xQueueGenericCreate) refers to queue.o(i.xQueueGenericReset) for xQueueGenericReset
    queue.o(i.xQueueGenericReceive) refers to tasks.o(i.xTaskGetSchedulerState) for xTaskGetSchedulerState
    queue.o(i.xQueueGenericReceive) refers to port.o(i.vPortEnterCritical) for vPortEnterCritical
    queue.o(i.xQueueGenericReceive) refers to queue.o(i.prvCopyDataFromQueue) for prvCopyDataFromQueue
    queue.o(i.xQueueGenericReceive) refers to tasks.o(i.xTaskRemoveFromEventList) for xTaskRemoveFromEventList
    queue.o(i.xQueueGenericReceive) refers to port.o(i.vPortExitCritical) for vPortExitCritical
    queue.o(i.xQueueGenericReceive) refers to tasks.o(i.pvTaskIncrementMutexHeldCount) for pvTaskIncrementMutexHeldCount
    queue.o(i.xQueueGenericReceive) refers to tasks.o(i.vTaskSetTimeOutState) for vTaskSetTimeOutState
    queue.o(i.xQueueGenericReceive) refers to tasks.o(i.vTaskSuspendAll) for vTaskSuspendAll
    queue.o(i.xQueueGenericReceive) refers to tasks.o(i.xTaskCheckForTimeOut) for xTaskCheckForTimeOut
    queue.o(i.xQueueGenericReceive) refers to queue.o(i.prvUnlockQueue) for prvUnlockQueue
    queue.o(i.xQueueGenericReceive) refers to tasks.o(i.xTaskResumeAll) for xTaskResumeAll
    queue.o(i.xQueueGenericReceive) refers to queue.o(i.prvIsQueueEmpty) for prvIsQueueEmpty
    queue.o(i.xQueueGenericReceive) refers to tasks.o(i.vTaskPriorityInherit) for vTaskPriorityInherit
    queue.o(i.xQueueGenericReceive) refers to tasks.o(i.vTaskPlaceOnEventList) for vTaskPlaceOnEventList
    queue.o(i.xQueueGenericReset) refers to port.o(i.vPortEnterCritical) for vPortEnterCritical
    queue.o(i.xQueueGenericReset) refers to list.o(i.vListInitialise) for vListInitialise
    queue.o(i.xQueueGenericReset) refers to port.o(i.vPortExitCritical) for vPortExitCritical
    queue.o(i.xQueueGenericReset) refers to tasks.o(i.xTaskRemoveFromEventList) for xTaskRemoveFromEventList
    queue.o(i.xQueueGenericSend) refers to tasks.o(i.xTaskGetSchedulerState) for xTaskGetSchedulerState
    queue.o(i.xQueueGenericSend) refers to port.o(i.vPortEnterCritical) for vPortEnterCritical
    queue.o(i.xQueueGenericSend) refers to queue.o(i.prvCopyDataToQueue) for prvCopyDataToQueue
    queue.o(i.xQueueGenericSend) refers to tasks.o(i.xTaskRemoveFromEventList) for xTaskRemoveFromEventList
    queue.o(i.xQueueGenericSend) refers to port.o(i.vPortExitCritical) for vPortExitCritical
[...]
    i.osThreadCreate                         0x080033d4   Section        0  cmsis_os.o(i.osThreadCreate)
    i.pathCalcThd                            0x08003404   Section        0  pathcontrol.o(i.pathCalcThd)
    i.pathControlInit                        0x080034f8   Section        0  pathcontrol.o(i.pathControlInit)
    i.pathMonitorInit                        0x08003518   Section        0  pathmonitor.o(i.pathMonitorInit)
    i.pathMonitorThd                         0x08003538   Section        0  pathmonitor.o(i.pathMonitorThd)
    i.pathRampThd                            0x0800356c   Section        0  pathcontrol.o(i.pathRampThd)
    i.pathSwitch                             0x08003570   Section        0  pathswitch.o(i.pathSwitch)
    i.pathSwitchInit                         0x08003594   Section        0  pathswitch.o(i.pathSwitchInit)
    i.pathSwitchThd                          0x080035a8   Section        0  pathcontrol.o(i.pathSwitchThd)
    i.pidCalcThd                             0x08003698   Section        0  pathcontrol.o(i.pidCalcThd)
    i.pow                                    0x080037a0   Section        0  pow.o(i.pow)
    i.prvAddCurrentTaskToDelayedList         0x08004178   Section        0  tasks.o(i.prvAddCurrentTaskToDelayedList)
    prvAddCurrentTaskToDelayedList           0x08004179   Thumb Code   102  tasks.o(i.prvAddCurrentTaskToDelayedList)
    i.prvAddNewTaskToReadyList               0x080041e8   Section        0  tasks.o(i.prvAddNewTaskToReadyList)
    prvAddNewTaskToReadyList                 0x080041e9   Thumb Code   196  tasks.o(i.prvAddNewTaskToReadyList)
    i.prvCheckForValidListAndQueue           0x080042b8   Section        0  timers.o(i.prvCheckForValidListAndQueue)
    prvCheckForValidListAndQueue             0x080042b9   Thumb Code    62  timers.o(i.prvCheckForValidListAndQueue)
    i.prvCheckTasksWaitingTermination        0x08004308   Section        0  tasks.o(i.prvCheckTasksWaitingTermination)
    prvCheckTasksWaitingTermination          0x08004309   Thumb Code    70  tasks.o(i.prvCheckTasksWaitingTermination)
    i.prvCopyDataFromQueue                   0x08004358   Section        0  queue.o(i.prvCopyDataFromQueue)
    prvCopyDataFromQueue                     0x08004359   Thumb Code    38  queue.o(i.prvCopyDataFromQueue)
    i.prvCopyDataToQueue                     0x0800437e   Section        0  queue.o(i.prvCopyDataToQueue)
    prvCopyDataToQueue                       0x0800437f   Thumb Code   108  queue.o(i.prvCopyDataToQueue)
    i.prvDeleteTCB                           0x080043ea   Section        0  tasks.o(i.prvDeleteTCB)
    prvDeleteTCB                             0x080043eb   Thumb Code    20  tasks.o(i.prvDeleteTCB)
    i.prvHeapInit                            0x08004400   Section        0  heap_4.o(i.prvHeapInit)
    prvHeapInit                              0x08004401   Thumb Code    66  heap_4.o(i.prvHeapInit)
    i.prvIdleTask                            0x0800444c   Section        0  tasks.o(i.prvIdleTask)
    prvIdleTask                              0x0800444d   Thumb Code    30  tasks.o(i.prvIdleTask)
    i.prvInitialiseNewTask                   0x08004474   Section        0  tasks.o(i.prvInitialiseNewTask)
    prvInitialiseNewTask                     0x08004475   Thumb Code   156  tasks.o(i.prvInitialiseNewTask)
    i.prvInsertBlockIntoFreeList             0x08004510   Section        0  heap_4.o(i.prvInsertBlockIntoFreeList)
    prvInsertBlockIntoFreeList               0x08004511   Thumb Code    72  heap_4.o(i.prvInsertBlockIntoFreeList)
    i.prvInsertTimerInActiveList             0x0800455c   Section        0  timers.o(i.prvInsertTimerInActiveList)
    prvInsertTimerInActiveList               0x0800455d   Thumb Code    52  timers.o(i.prvInsertTimerInActiveList)
    i.prvIsQueueEmpty                        0x08004594   Section        0  queue.o(i.prvIsQueueEmpty)
    prvIsQueueEmpty                          0x08004595   Thumb Code    28  queue.o(i.prvIsQueueEmpty)
    i.prvProcessReceivedCommands             0x080045b0   Section        0  timers.o(i.prvProcessReceivedCommands)
    prvProcessReceivedCommands               0x080045b1   Thumb Code   180  timers.o(i.prvProcessReceivedCommands)
    i.prvProcessTimerOrBlockTask             0x08004668   Section        0  timers.o(i.prvProcessTimerOrBlockTask)
    prvProcessTimerOrBlockTask               0x08004669   Thumb Code   172  timers.o(i.prvProcessTimerOrBlockTask)
    i.prvResetNextTaskUnblockTime            0x0800471c   Section        0  tasks.o(i.prvResetNextTaskUnblockTime)
    prvResetNextTaskUnblockTime              0x0800471d   Thumb Code    26  tasks.o(i.prvResetNextTaskUnblockTime)
    i.prvSampleTimeNow                       0x0800473c   Section        0  timers.o(i.prvSampleTimeNow)
    prvSampleTimeNow                         0x0800473d   Thumb Code    36  timers.o(i.prvSampleTimeNow)
    i.prvSwitchTimerLists                    0x08004764   Section        0  timers.o(i.prvSwitchTimerLists)
    prvSwitchTimerLists                      0x08004765   Thumb Code   102  timers.o(i.prvSwitchTimerLists)
    i.prvTaskExitError                       0x080047d0   Section        0  port.o(i.prvTaskExitError)
    prvTaskExitError                         0x080047d1   Thumb Code    36  port.o(i.prvTaskExitError)
    i.prvTimerTask                           0x080047f8   Section        0  timers.o(i.prvTimerTask)
    prvTimerTask                             0x080047f9   Thumb Code    32  timers.o(i.prvTimerTask)
    i.prvUnlockQueue                         0x0800481c   Section        0  queue.o(i.prvUnlockQueue)
    prvUnlockQueue                           0x0800481d   Thumb Code   106  queue.o(i.prvUnlockQueue)
    i.pvPortMalloc                           0x08004888   Section        0  heap_4.o(i.pvPortMalloc)
    i.pvTaskIncrementMutexHeldCount          0x08004960   Section        0  tasks.o(i.pvTaskIncrementMutexHeldCount)
    i.pxPortInitialiseStack                  0x08004978   Section        0  port.o(i.pxPortInitialiseStack)
    i.returnCommand                          0x0800499c   Section        0  bxcan.o(i.returnCommand)
    i.returnPathData                         0x080049a4   Section        0  pathcontrol.o(i.returnPathData)
    i.sqrt                                   0x080049ac   Section        0  sqrt.o(i.sqrt)
    i.uxListRemove                           0x080049f8   Section        0  list.o(i.uxListRemove)
    i.vApplicationStackOverflowHook          0x08004a1c   Section        0  freertos.o(i.vApplicationStackOverflowHook)
    i.vListInitialise                        0x08004a1e   Section        0  list.o(i.vListInitialise)
    i.vListInitialiseItem                    0x08004a34   Section        0  list.o(i.vListInitialiseItem)
    i.vListInsert                            0x08004a3a   Section        0  list.o(i.vListInsert)
    i.vListInsertEnd                         0x08004a6a   Section        0  list.o(i.vListInsertEnd)
    i.vPortEnterCritical                     0x08004a84   Section        0  port.o(i.vPortEnterCritical)
    i.vPortExitCritical                      0x08004ac4   Section        0  port.o(i.vPortExitCritical)
    i.vPortFree                              0x08004aec   Section        0  heap_4.o(i.vPortFree)
    i.vPortSetupTimerInterrupt               0x08004b48   Section        0  port.o(i.vPortSetupTimerInterrupt)
    i.vPortValidateInterruptPriority         0x08004b68   Section        0  port.o(i.vPortValidateInterruptPriority)
    i.vQueueAddToRegistry                    0x08004bbc   Section        0  queue.o(i.vQueueAddToRegistry)
    i.vQueueWaitForMessageRestricted         0x08004be4   Section        0  queue.o(i.vQueueWaitForMessageRestricted)
    i.vTaskDelay                             0x08004c28   Section        0  tasks.o(i.vTaskDelay)
    i.vTaskMissedYield                       0x08004c74   Section        0  tasks.o(i.vTaskMissedYield)
    i.vTaskPlaceOnEventList                  0x08004c80   Section        0  tasks.o(i.vTaskPlaceOnEventList)
    i.vTaskPlaceOnEventListRestricted        0x08004cb0   Section        0  tasks.o(i.vTaskPlaceOnEventListRestricted)
    i.vTaskPriorityInherit                   0x08004ce8   Section        0  tasks.o(i.vTaskPriorityInherit)
    i.vTaskSetTimeOutState                   0x08004d6c   Section        0  tasks.o(i.vTaskSetTimeOutState)
    i.vTaskStartScheduler                    0x08004d90   Section        0  tasks.o(i.vTaskStartScheduler)
    i.vTaskSuspend                           0x08004e00   Section        0  tasks.o(i.vTaskSuspend)
    i.vTaskSuspendAll                        0x08004eb0   Section        0  tasks.o(i.vTaskSuspendAll)
    i.vTaskSwitchContext                     0x08004ec0   Section        0  tasks.o(i.vTaskSwitchContext)
    i.voltMonThd                             0x08004f34   Section        0  voltmonitor.o(i.voltMonThd)
    i.voltMoninit                            0x08004f5c   Section        0  voltmonitor.o(i.voltMoninit)
    i.xPortStartScheduler                    0x08004f60   Section        0  port.o(i.xPortStartScheduler)
    i.xPortSysTickHandler                    0x08004fd4   Section        0  port.o(i.xPortSysTickHandler)
    i.xQueueGenericCreate                    0x08005000   Section        0  queue.o(i.xQueueGenericCreate)
    i.xQueueGenericReceive                   0x08005054   Section        0  queue.o(i.xQueueGenericReceive)
    i.xQueueGenericReset                     0x080051c0   Section        0  queue.o(i.xQueueGenericReset)
    i.xQueueGenericSend                      0x08005248   Section        0  queue.o(i.xQueueGenericSend)
    i.xQueueGenericSendFromISR               0x080053a8   Section        0  queue.o(i.xQueueGenericSendFromISR)
    i.xTaskCheckForTimeOut                   0x08005464   Section        0  tasks.o(i.xTaskCheckForTimeOut)
    i.xTaskCreate                            0x080054d0   Section        0  tasks.o(i.xTaskCreate)
    i.xTaskGetSchedulerState                 0x08005528   Section        0  tasks.o(i.xTaskGetSchedulerState)
    i.xTaskGetTickCount                      0x08005544   Section        0  tasks.o(i.xTaskGetTickCount)
    i.xTaskIncrementTick                     0x08005550   Section        0  tasks.o(i.xTaskIncrementTick)
    i.xTaskPriorityDisinherit                0x08005618   Section        0  tasks.o(i.xTaskPriorityDisinherit)
    i.xTaskRemoveFromEventList               0x080056b0   Section        0  tasks.o(i.xTaskRemoveFromEventList)
    i.xTaskResumeAll                         0x08005724   Section        0  tasks.o(i.xTaskResumeAll)
    i.xTimerCreateTimerTask                  0x080057e8   Section        0  timers.o(i.xTimerCreateTimerTask)
    i.xTimerGenericCommand                   0x08005830   Section        0  timers.o(i.xTimerGenericCommand)
    .constdata                               0x08005890   Section       16  system_stm32f1xx.o(.constdata)
    .constdata                               0x080058a0   Section        8  system_stm32f1xx.o(.constdata)
    .constdata                               0x080058a8   Section       20  freertos.o(.constdata)
    .constdata                               0x080058c0   Section      136  pow.o(.constdata)
    bp                                       0x080058c0   Data          16  pow.o(.constdata)
    dp_h                                     0x080058d0   Data          16  pow.o(.constdata)
    dp_l                                     0x080058e0   Data          16  pow.o(.constdata)
    L                                        0x080058f0   Data          48  pow.o(.constdata)
    P                                        0x08005920   Data          40  pow.o(.constdata)
    .constdata                               0x08005948   Section        8  qnan.o(.constdata)
    .conststring                             0x08005950   Section       12  freertos.o(.conststring)
    .data                                    0x20000000   Section       60  tasks.o(.data)
    uxDeletedTasksWaitingCleanUp             0x20000004   Data           4  tasks.o(.data)
    uxCurrentNumberOfTasks                   0x20000008   Data           4  tasks.o(.data)
    xTickCount                               0x2000000c   Data           4  tasks.o(.data)
    uxTopReadyPriority                       0x20000010   Data           4  tasks.o(.data)
    xSchedulerRunning                        0x20000014   Data           4  tasks.o(.data)
    uxPendedTicks                            0x20000018   Data           4  tasks.o(.data)
    xYieldPending                            0x2000001c   Data           4  tasks.o(.data)
    xNumOfOverflows                          0x20000020   Data           4  tasks.o(.data)
    uxTaskNumber                             0x20000024   Data           4  tasks.o(.data)
    xNextTaskUnblockTime                     0x20000028   Data           4  tasks.o(.data)
    xIdleTaskHandle                          0x2000002c   Data           4  tasks.o(.data)
    uxSchedulerSuspended                     0x20000030   Data           4  tasks.o(.data)
    pxDelayedTaskList                        0x20000034   Data           4  tasks.o(.data)
    pxOverflowDelayedTaskList                0x20000038   Data           4  tasks.o(.data)
    .data                                    0x2000003c   Section       24  heap_4.o(.data)
    pxEnd                                    0x2000003c   Data           4  heap_4.o(.data)
    xFreeBytesRemaining                      0x20000040   Data           4  heap_4.o(.data)
    xMinimumEverFreeBytesRemaining           0x20000044   Data           4  heap_4.o(.data)
    xBlockAllocatedBit                       0x20000048   Data           4  heap_4.o(.data)
    xStart                                   0x2000004c   Data           8  heap_4.o(.data)
    .data                                    0x20000054   Section       20  timers.o(.data)
    xTimerQueue                              0x20000054   Data           4  timers.o(.data)
    xTimerTaskHandle                         0x20000058   Data           4  timers.o(.data)
    xLastTime                                0x2000005c   Data           4  timers.o(.data)
    pxCurrentTimerList                       0x20000060   Data           4  timers.o(.data)
    pxOverflowTimerList                      0x20000064   Data           4  timers.o(.data)
    .data                                    0x20000068   Section       12  port.o(.data)
    ucMaxSysCallPriority                     0x20000068   Data           1  port.o(.data)
    uxCriticalNesting                        0x2000006c   Data           4  port.o(.data)
    ulMaxPRIGROUPValue                       0x20000070   Data           4  port.o(.data)
    .data                                    0x20000074   Section        4  system_stm32f1xx.o(.data)
    .data                                    0x20000078   Section        8  main.o(.data)
    i                                        0x20000078   Data           4  main.o(.data)
    j                                        0x2000007c   Data           4  main.o(.data)
    .data                                    0x20000080   Section        4  freertos.o(.data)
    .data                                    0x20000084   Section        4  pathmonitor.o(.data)
    now                                      0x20000084   Data           2  pathmonitor.o(.data)
    next                                     0x20000086   Data           2  pathmonitor.o(.data)
    .data                                    0x20000088   Section       36  task_create.o(.data)
    .data                                    0x200000ac   Section        2  tli4970.o(.data)
    data                                     0x200000ac   Data           2  tli4970.o(.data)
    .data                                    0x200000b0   Section        4  delay.o(.data)
    fac_us                                   0x200000b0   Data           4  delay.o(.data)
    .data                                    0x200000b4   Section       12  buckprog.o(.data)
    now                                      0x200000b4   Data           2  buckprog.o(.data)
    next                                     0x200000b6   Data           2  buckprog.o(.data)
    dac                                      0x200000b8   Data           8  buckprog.o(.data)
    .data                                    0x200000c0   Section        4  mcp4726.o(.data)
    tx_data                                  0x200000c0   Data           4  mcp4726.o(.data)
    .data                                    0x200000c4   Section        4  voltmonitor.o(.data)
    now                                      0x200000c4   Data           2  voltmonitor.o(.data)
    next                                     0x200000c6   Data           2  voltmonitor.o(.data)
    .data                                    0x200000c8   Section       28  pathcontrol.o(.data)
    now                                      0x200000c8   Data           2  pathcontrol.o(.data)
    next                                     0x200000ca   Data           2  pathcontrol.o(.data)
    now                                      0x200000cc   Data           2  pathcontrol.o(.data)
    next                                     0x200000ce   Data           2  pathcontrol.o(.data)
    now                                      0x200000d0   Data           2  pathcontrol.o(.data)
    next                                     0x200000d2   Data           2  pathcontrol.o(.data)
    now                                      0x200000d4   Data           2  pathcontrol.o(.data)
    next                                     0x200000d6   Data           2  pathcontrol.o(.data)
    target                                   0x200000dc   Data           4  pathcontrol.o(.data)
    .data                                    0x200000e4   Section       12  canfeedback.o(.data)
    .data                                    0x200000f0   Section       12  stm32f1xx_hal.o(.data)
    .data                                    0x200000fc   Section        8  bxcan.o(.data)
    .data                                    0x20000104   Section        4  errno.o(.data)
    _errno                                   0x20000104   Data           4  errno.o(.data)
    .bss                                     0x20000108   Section       64  queue.o(.bss)
    .bss                                     0x20000148   Section      240  tasks.o(.bss)
    pxReadyTasksLists                        0x20000148   Data         140  tasks.o(.bss)
    xDelayedTaskList1                        0x200001d4   Data          20  tasks.o(.bss)
    xDelayedTaskList2                        0x200001e8   Data          20  tasks.o(.bss)
    xPendingReadyList                        0x200001fc   Data          20  tasks.o(.bss)
    xTasksWaitingTermination                 0x20000210   Data          20  tasks.o(.bss)
    xSuspendedTaskList                       0x20000224   Data          20  tasks.o(.bss)
    .bss                                     0x20000238   Section     3072  heap_4.o(.bss)
    ucHeap                                   0x20000238   Data        3072  heap_4.o(.bss)
    .bss                                     0x20000e38   Section       40  timers.o(.bss)
    xActiveTimerList1                        0x20000e38   Data          20  timers.o(.bss)
    xActiveTimerList2                        0x20000e4c   Data          20  timers.o(.bss)
    .bss                                     0x20000e60   Section       84  i2c.o(.bss)
    .bss                                     0x20000eb4   Section       88  spi.o(.bss)
    .bss                                     0x20000f0c   Section      160  adc.o(.bss)
    sample                                   0x20000f0c   Data         100  adc.o(.bss)
    avg                                      0x20000f70   Data          10  adc.o(.bss)
    .bss                                     0x20000fac   Section       64  stm32f1xx_hal_timebase_tim.o(.bss)
    .bss                                     0x20000fec   Section       68  can.o(.bss)
    .bss                                     0x20001030   Section       64  tim.o(.bss)
    .bss                                     0x20001070   Section       64  pathmonitor.o(.bss)
    currentPath                              0x20001070   Data          32  pathmonitor.o(.bss)
    .bss                                     0x200010b0   Section       16  mcp4726.o(.bss)
    .bss                                     0x200010c0   Section       12  voltmonitor.o(.bss)
    voltData                                 0x200010c0   Data          12  voltmonitor.o(.bss)
    .bss                                     0x200010d0   Section      184  pathcontrol.o(.bss)
    currentPath                              0x200010d0   Data          32  pathcontrol.o(.bss)
    voltData                                 0x200010f0   Data          12  pathcontrol.o(.bss)
    .bss                                     0x20001188   Section       16  pathswitch.o(.bss)
    STACK                                    0x20001198   Section     1024  startup_stm32f103xb.o(STACK)

    Global Symbols

    Symbol Name                              Value     Ov Type        Size  Object(Section)

    BuildAttributes$$THM_ISAv4$P$D$K$B$S$PE$A:L22UL41UL21$X:L11$S22US41US21$IEEE1$IW$USESV6$~STKCKD$USESV7$~SHL$OTIME$ROPI$IEEEX$EBA8$MICROLIB$REQ8$PRES8$EABIv2 0x00000000   Number         0  anon$$obj.o ABSOLUTE
    __ARM_use_no_argv                        0x00000000   Number         0  main.o ABSOLUTE
    __cpp_initialize__aeabi_                  - Undefined Weak Reference
    __cxa_finalize                            - Undefined Weak Reference
    __decompress                              - Undefined Weak Reference
    _clock_init                               - Undefined Weak Reference
    _microlib_exit                            - Undefined Weak Reference
    __Vectors_Size                           0x000000ec   Number         0  startup_stm32f103xb.o ABSOLUTE
    __Vectors                                0x08000000   Data           4  startup_stm32f103xb.o(RESET)
    __Vectors_End                            0x080000ec   Data           0  startup_stm32f103xb.o(RESET)
    __main                                   0x080000ed   Thumb Code     0  entry.o(.ARM.Collect$$$$00000000)
    _main_stk                                0x080000ed   Thumb Code     0  entry2.o(.ARM.Collect$$$$00000001)
    _main_scatterload                        0x080000f1   Thumb Code     0  entry5.o(.ARM.Collect$$$$00000004)
    __main_after_scatterload                 0x080000f5   Thumb Code     0  entry5.o(.ARM.Collect$$$$00000004)
    _main_clock                              0x080000f5   Thumb Code     0  entry7b.o(.ARM.Collect$$$$00000008)
    _main_cpp_init                           0x080000f5   Thumb Code     0  entry8b.o(.ARM.Collect$$$$0000000A)
    _main_init                               0x080000f5   Thumb Code     0  entry9a.o(.ARM.Collect$$$$0000000B)
    __rt_final_cpp                           0x080000fd   Thumb Code     0  entry10a.o(.ARM.Collect$$$$0000000D)
    __rt_final_exit                          0x080000fd   Thumb Code     0  entry11a.o(.ARM.Collect$$$$0000000F)
    SVC_Handler                              0x08000101   Thumb Code    32  port.o(.emb_text)
    __asm___6_port_c_39a90d8d__prvStartFirstTask 0x08000125   Thumb Code    28  port.o(.emb_text)
    PendSV_Handler                           0x08000145   Thumb Code    72  port.o(.emb_text)
    vPortGetIPSR                             0x08000191   Thumb Code     6  port.o(.emb_text)
    Reset_Handler                            0x08000199   Thumb Code     8  startup_stm32f103xb.o(.text)
    ADC1_2_IRQHandler                        0x080001b3   Thumb Code     0  startup_stm32f103xb.o(.text)
    CAN1_RX1_IRQHandler                      0x080001b3   Thumb Code     0  startup_stm32f103xb.o(.text)
    CAN1_SCE_IRQHandler                      0x080001b3   Thumb Code     0  startup_stm32f103xb.o(.text)
    DMA1_Channel1_IRQHandler                 0x080001b3   Thumb Code     0  startup_stm32f103xb.o(.text)
    DMA1_Channel2_IRQHandler                 0x080001b3   Thumb Code     0  startup_stm32f103xb.o(.text)
    DMA1_Channel3_IRQHandler                 0x080001b3   Thumb Code     0  startup_stm32f103xb.o(.text)
    DMA1_Channel4_IRQHandler                 0x080001b3   Thumb Code     0  startup_stm32f103xb.o(.text)
    DMA1_Channel5_IRQHandler                 0x080001b3   Thumb Code     0  startup_stm32f103xb.o(.text)
    DMA1_Channel6_IRQHandler                 0x080001b3   Thumb Code     0  startup_stm32f103xb.o(.text)
    DMA1_Channel7_IRQHandler                 0x080001b3   Thumb Code     0  startup_stm32f103xb.o(.text)
    EXTI0_IRQHandler                         0x080001b3   Thumb Code     0  startup_stm32f103xb.o(.text)
    EXTI15_10_IRQHandler                     0x080001b3   Thumb Code     0  startup_stm32f103xb.o(.text)
    EXTI1_IRQHandler                         0x080001b3   Thumb Code     0  startup_stm32f103xb.o(.text)
    EXTI2_IRQHandler                         0x080001b3   Thumb Code     0  startup_stm32f103xb.o(.text)
    EXTI3_IRQHandler                         0x080001b3   Thumb Code     0  startup_stm32f103xb.o(.text)
    EXTI4_IRQHandler                         0x080001b3   Thumb Code     0  startup_stm32f103xb.o(.text)
    EXTI9_5_IRQHandler                       0x080001b3   Thumb Code     0  startup_stm32f103xb.o(.text)
    FLASH_IRQHandler                         0x080001b3   Thumb Code     0  startup_stm32f103xb.o(.text)
    I2C1_ER_IRQHandler                       0x080001b3   Thumb Code     0  startup_stm32f103xb.o(.text)
    I2C1_EV_IRQHandler                       0x080001b3   Thumb Code     0  startup_stm32f103xb.o(.text)
    I2C2_ER_IRQHandler                       0x080001b3   Thumb Code     0  startup_stm32f103xb.o(.text)
    I2C2_EV_IRQHandler                       0x080001b3   Thumb Code     0  startup_stm32f103xb.o(.text)
    PVD_IRQHandler                           0x080001b3   Thumb Code     0  startup_stm32f103xb.o(.text)
    RCC_IRQHandler                           0x080001b3   Thumb Code     0  startup_stm32f103xb.o(.text)
    RTC_Alarm_IRQHandler                     0x080001b3   Thumb Code     0  startup_stm32f103xb.o(.text)
    RTC_IRQHandler                           0x080001b3   Thumb Code     0  startup_stm32f103xb.o(.text)
    SPI1_IRQHandler                          0x080001b3   Thumb Code     0  startup_stm32f103xb.o(.text)
    SPI2_IRQHandler                          0x080001b3   Thumb Code     0  startup_stm32f103xb.o(.text)
    TAMPER_IRQHandler                        0x080001b3   Thumb Code     0  startup_stm32f103xb.o(.text)
    TIM1_BRK_IRQHandler                      0x080001b3   Thumb Code     0  startup_stm32f103xb.o(.text)
    TIM1_CC_IRQHandler                       0x080001b3   Thumb Code     0  startup_stm32f103xb.o(.text)
    TIM1_TRG_COM_IRQHandler                  0x080001b3   Thumb Code     0  startup_stm32f103xb.o(.text)
    TIM1_UP_IRQHandler                       0x080001b3   Thumb Code     0  startup_stm32f103xb.o(.text)
    TIM2_IRQHandler                          0x080001b3   Thumb Code     0  startup_stm32f103xb.o(.text)
    USART1_IRQHandler                        0x080001b3   Thumb Code     0  startup_stm32f103xb.o(.text)
    USART2_IRQHandler                        0x080001b3   Thumb Code     0  startup_stm32f103xb.o(.text)
    USART3_IRQHandler                        0x080001b3   Thumb Code     0  startup_stm32f103xb.o(.text)
    USBWakeUp_IRQHandler                     0x080001b3   Thumb Code     0  startup_stm32f103xb.o(.text)
    USB_HP_CAN1_TX_IRQHandler                0x080001b3   Thumb Code     0  startup_stm32f103xb.o(.text)
    USB_LP_CAN1_RX0_IRQHandler               0x080001b3   Thumb Code     0  startup_stm32f103xb.o(.text)
    WWDG_IRQHandler                          0x080001b3   Thumb Code     0  startup_stm32f103xb.o(.text)
    __aeabi_llsr                             0x080001bd   Thumb Code    32  llushr.o(.text)
    _ll_ushift_r                             0x080001bd   Thumb Code     0  llushr.o(.text)
    __aeabi_memcpy                           0x080001dd   Thumb Code    36  memcpya.o(.text)
    __aeabi_memcpy4                          0x080001dd   Thumb Code     0  memcpya.o(.text)
    __aeabi_memcpy8                          0x080001dd   Thumb Code     0  memcpya.o(.text)
    __aeabi_memset                           0x08000201   Thumb Code    14  memseta.o(.text)
    __aeabi_memset4                          0x08000201   Thumb Code     0  memseta.o(.text)
    __aeabi_memset8                          0x08000201   Thumb Code     0  memseta.o(.text)
    __aeabi_memclr                           0x0800020f   Thumb Code     4  memseta.o(.text)
    __aeabi_memclr4                          0x0800020f   Thumb Code     0  memseta.o(.text)
    __aeabi_memclr8                          0x0800020f   Thumb Code     0  memseta.o(.text)
    _memset$wrapper                          0x08000213   Thumb Code    18  memseta.o(.text)
    __aeabi_fadd                             0x08000225   Thumb Code   164  fadd.o(.text)
    __aeabi_fsub                             0x080002c9   Thumb Code     6  fadd.o(.text)
    __aeabi_frsub                            0x080002cf   Thumb Code     6  fadd.o(.text)
    __aeabi_fmul                             0x080002d5   Thumb Code   100  fmul.o(.text)
    __aeabi_dadd                             0x08000339   Thumb Code   322  dadd.o(.text)
    __aeabi_dsub                             0x0800047b   Thumb Code     6  dadd.o(.text)
    __aeabi_drsub                            0x08000481   Thumb Code     6  dadd.o(.text)
    __aeabi_dmul                             0x08000487   Thumb Code   228  dmul.o(.text)
    __aeabi_ddiv                             0x0800056b   Thumb Code   222  ddiv.o(.text)
    __ARM_scalbn                             0x08000649   Thumb Code    46  dscalb.o(.text)
    scalbn                                   0x08000649   Thumb Code     0  dscalb.o(.text)
    __aeabi_i2f                              0x08000677   Thumb Code    18  fflti.o(.text)
    __aeabi_ui2f                             0x08000689   Thumb Code    10  ffltui.o(.text)
    __aeabi_ui2d                             0x08000693   Thumb Code    26  dfltui.o(.text)
    __aeabi_f2iz                             0x080006ad   Thumb Code    50  ffixi.o(.text)
    __aeabi_f2uiz                            0x080006df   Thumb Code    40  ffixui.o(.text)
    __aeabi_d2iz                             0x08000707   Thumb Code    62  dfixi.o(.text)
    __aeabi_cfcmpeq                          0x08000745   Thumb Code     0  cfcmple.o(.text)
    __aeabi_cfcmple                          0x08000745   Thumb Code    20  cfcmple.o(.text)
    __aeabi_llsl                             0x08000759   Thumb Code    30  llshl.o(.text)
    _ll_shift_l                              0x08000759   Thumb Code     0  llshl.o(.text)
    __aeabi_lasr                             0x08000777   Thumb Code    36  llsshr.o(.text)
    _ll_sshift_r                             0x08000777   Thumb Code     0  llsshr.o(.text)
    __I$use$fp                               0x0800079b   Thumb Code     0  iusefp.o(.text)
    _float_round                             0x0800079b   Thumb Code    18  fepilogue.o(.text)
    _float_epilogue                          0x080007ad   Thumb Code    92  fepilogue.o(.text)
    _double_round                            0x08000809   Thumb Code    30  depilogue.o(.text)
    _double_epilogue                         0x08000827   Thumb Code   156  depilogue.o(.text)
    __aeabi_i2d                              0x080008c3   Thumb Code    34  dflti.o(.text)
    __aeabi_cdrcmple                         0x080008e5   Thumb Code    48  cdrcmple.o(.text)
    __scatterload                            0x08000915   Thumb Code    28  init.o(.text)
    __scatterload_rt2                        0x08000915   Thumb Code     0  init.o(.text)
    _dsqrt                                   0x08000939   Thumb Code   162  dsqrt.o(.text)
    ADC_ConversionStop_Disable               0x080009dd   Thumb Code    76  stm32f1xx_hal_adc.o(i.ADC_ConversionStop_Disable)
    ADC_Enable                               0x08000a29   Thumb Code   104  stm32f1xx_hal_adc.o(i.ADC_Enable)
    App_Task_Create                          0x08000a99   Thumb Code    24  task_create.o(i.App_Task_Create)
    BuckProgThd                              0x08000ac5   Thumb Code    56  buckprog.o(i.BuckProgThd)
    BusFault_Handler                         0x08000b05   Thumb Code     2  stm32f1xx_it.o(i.BusFault_Handler)
    DebugMon_Handler                         0x08000b07   Thumb Code     2  stm32f1xx_it.o(i.DebugMon_Handler)
    Get_Adc                                  0x08000b09   Thumb Code    44  adc.o(i.Get_Adc)
    HAL_ADC_ConfigChannel                    0x08000b39   Thumb Code   240  stm32f1xx_hal_adc.o(i.HAL_ADC_ConfigChannel)
    HAL_ADC_GetValue                         0x08000c35   Thumb Code     6  stm32f1xx_hal_adc.o(i.HAL_ADC_GetValue)
    HAL_ADC_Init                             0x08000c3d   Thumb Code   272  stm32f1xx_hal_adc.o(i.HAL_ADC_Init)
    HAL_ADC_MspInit                          0x08000d59   Thumb Code    70  adc.o(i.HAL_ADC_MspInit)
    HAL_ADC_PollForConversion                0x08000dad   Thumb Code   290  stm32f1xx_hal_adc.o(i.HAL_ADC_PollForConversion)
    HAL_ADC_Start                            0x08000edd   Thumb Code   184  stm32f1xx_hal_adc.o(i.HAL_ADC_Start)
    HAL_CAN_ConfigFilter                     0x08000f9d   Thumb Code   242  stm32f1xx_hal_can.o(i.HAL_CAN_ConfigFilter)
    HAL_CAN_Init                             0x0800108f   Thumb Code   300  stm32f1xx_hal_can.o(i.HAL_CAN_Init)
    HAL_CAN_MspInit                          0x080011bd   Thumb Code    76  can.o(i.HAL_CAN_MspInit)
    HAL_GPIO_Init                            0x08001215   Thumb Code   408  stm32f1xx_hal_gpio.o(i.HAL_GPIO_Init)
    HAL_GPIO_TogglePin                       0x080013d1   Thumb Code     8  stm32f1xx_hal_gpio.o(i.HAL_GPIO_TogglePin)
    HAL_GPIO_WritePin                        0x080013d9   Thumb Code    10  stm32f1xx_hal_gpio.o(i.HAL_GPIO_WritePin)
    HAL_GetTick                              0x080013e5   Thumb Code     6  stm32f1xx_hal.o(i.HAL_GetTick)
    HAL_I2C_Init                             0x080013f1   Thumb Code   302  stm32f1xx_hal_i2c.o(i.HAL_I2C_Init)
    HAL_I2C_MspInit                          0x08001531   Thumb Code    54  i2c.o(i.HAL_I2C_MspInit)
    HAL_IncTick                              0x08001575   Thumb Code    12  stm32f1xx_hal.o(i.HAL_IncTick)
    HAL_Init                                 0x08001585   Thumb Code    32  stm32f1xx_hal.o(i.HAL_Init)
    HAL_InitTick                             0x080015a9   Thumb Code   100  stm32f1xx_hal_timebase_tim.o(i.HAL_InitTick)
    HAL_MspInit                              0x0800161d   Thumb Code   118  stm32f1xx_hal_msp.o(i.HAL_MspInit)
    HAL_NVIC_EnableIRQ                       0x0800169d   Thumb Code    22  stm32f1xx_hal_cortex.o(i.HAL_NVIC_EnableIRQ)
    HAL_NVIC_SetPriority                     0x080016b5   Thumb Code    60  stm32f1xx_hal_cortex.o(i.HAL_NVIC_SetPriority)
    HAL_NVIC_SetPriorityGrouping             0x080016f5   Thumb Code    26  stm32f1xx_hal_cortex.o(i.HAL_NVIC_SetPriorityGrouping)
    HAL_RCCEx_GetPeriphCLKFreq               0x08001719   Thumb Code   166  stm32f1xx_hal_rcc_ex.o(i.HAL_RCCEx_GetPeriphCLKFreq)
    HAL_RCCEx_PeriphCLKConfig                0x080017e1   Thumb Code   224  stm32f1xx_hal_rcc_ex.o(i.HAL_RCCEx_PeriphCLKConfig)
    HAL_RCC_ClockConfig                      0x080018cd   Thumb Code   322  stm32f1xx_hal_rcc.o(i.HAL_RCC_ClockConfig)
    HAL_RCC_GetClockConfig                   0x08001a21   Thumb Code    54  stm32f1xx_hal_rcc.o(i.HAL_RCC_GetClockConfig)
    HAL_RCC_GetHCLKFreq                      0x08001a61   Thumb Code     6  stm32f1xx_hal_rcc.o(i.HAL_RCC_GetHCLKFreq)
    HAL_RCC_GetPCLK1Freq                     0x08001a6d   Thumb Code    20  stm32f1xx_hal_rcc.o(i.HAL_RCC_GetPCLK1Freq)
    HAL_RCC_GetPCLK2Freq                     0x08001a8d   Thumb Code    20  stm32f1xx_hal_rcc.o(i.HAL_RCC_GetPCLK2Freq)
    HAL_RCC_GetSysClockFreq                  0x08001aad   Thumb Code    74  stm32f1xx_hal_rcc.o(i.HAL_RCC_GetSysClockFreq)
    HAL_RCC_OscConfig                        0x08001b19   Thumb Code   750  stm32f1xx_hal_rcc.o(i.HAL_RCC_OscConfig)
    HAL_SPI_Init                             0x08001e1d   Thumb Code   130  stm32f1xx_hal_spi_ex.o(i.HAL_SPI_Init)
    HAL_SPI_MspInit                          0x08001ea1   Thumb Code    74  spi.o(i.HAL_SPI_MspInit)
    HAL_SPI_Receive                          0x08001ef9   Thumb Code   336  stm32f1xx_hal_spi.o(i.HAL_SPI_Receive)
    HAL_SPI_TransmitReceive                  0x08002049   Thumb Code   472  stm32f1xx_hal_spi.o(i.HAL_SPI_TransmitReceive)
    HAL_SYSTICK_CLKSourceConfig              0x08002221   Thumb Code    24  stm32f1xx_hal_cortex.o(i.HAL_SYSTICK_CLKSourceConfig)
    HAL_SYSTICK_Config                       0x08002239   Thumb Code    40  stm32f1xx_hal_cortex.o(i.HAL_SYSTICK_Config)
    HAL_TIMEx_BreakCallback                  0x08002261   Thumb Code     2  stm32f1xx_hal_tim_ex.o(i.HAL_TIMEx_BreakCallback)
    HAL_TIMEx_CommutationCallback            0x08002263   Thumb Code     2  stm32f1xx_hal_tim_ex.o(i.HAL_TIMEx_CommutationCallback)
    HAL_TIMEx_MasterConfigSynchronization    0x08002265   Thumb Code    80  stm32f1xx_hal_tim_ex.o(i.HAL_TIMEx_MasterConfigSynchronization)
    HAL_TIM_Base_Init                        0x080022b5   Thumb Code    54  stm32f1xx_hal_tim.o(i.HAL_TIM_Base_Init)
    HAL_TIM_Base_MspInit                     0x080022ed   Thumb Code    50  tim.o(i.HAL_TIM_Base_MspInit)
    HAL_TIM_Base_Start_IT                    0x08002329   Thumb Code    24  stm32f1xx_hal_tim.o(i.HAL_TIM_Base_Start_IT)
    HAL_TIM_ConfigClockSource                0x08002341   Thumb Code   242  stm32f1xx_hal_tim.o(i.HAL_TIM_ConfigClockSource)
    HAL_TIM_IC_CaptureCallback               0x08002433   Thumb Code     2  stm32f1xx_hal_tim.o(i.HAL_TIM_IC_CaptureCallback)
    HAL_TIM_IRQHandler                       0x08002435   Thumb Code   358  stm32f1xx_hal_tim.o(i.HAL_TIM_IRQHandler)
    HAL_TIM_OC_DelayElapsedCallback          0x0800259b   Thumb Code     2  stm32f1xx_hal_tim.o(i.HAL_TIM_OC_DelayElapsedCallback)
    HAL_TIM_PWM_PulseFinishedCallback        0x0800259d   Thumb Code     2  stm32f1xx_hal_tim.o(i.HAL_TIM_PWM_PulseFinishedCallback)
    HAL_TIM_PeriodElapsedCallback            0x080025a1   Thumb Code    14  main.o(i.HAL_TIM_PeriodElapsedCallback)
    HAL_TIM_TriggerCallback                  0x080025b5   Thumb Code     2  stm32f1xx_hal_tim.o(i.HAL_TIM_TriggerCallback)
    HardFault_Handler                        0x080025b7   Thumb Code     2  stm32f1xx_it.o(i.HardFault_Handler)
    IIC_Send_Byte                            0x080025b9   Thumb Code    86  i2c.o(i.IIC_Send_Byte)
    IIC_Start                                0x08002619   Thumb Code    56  i2c.o(i.IIC_Start)
    IIC_Stop                                 0x08002659   Thumb Code    58  i2c.o(i.IIC_Stop)
    IIC_Wait_Ack                             0x0800269d   Thumb Code    78  i2c.o(i.IIC_Wait_Ack)
    LED_init                                 0x080026f5   Thumb Code    30  led.o(i.LED_init)
    MX_ADC1_Init                             0x08002719   Thumb Code    70  adc.o(i.MX_ADC1_Init)
    MX_CAN_Init                              0x08002779   Thumb Code    56  can.o(i.MX_CAN_Init)
    MX_FREERTOS_Init                         0x080027c9   Thumb Code    30  freertos.o(i.MX_FREERTOS_Init)
    MX_GPIO_Init                             0x080027f1   Thumb Code   176  gpio.o(i.MX_GPIO_Init)
    MX_I2C1_Init                             0x080028b1   Thumb Code    60  i2c.o(i.MX_I2C1_Init)
    MX_SPI1_Init                             0x0800290d   Thumb Code    70  spi.o(i.MX_SPI1_Init)
    MX_TIM3_Init                             0x0800296d   Thumb Code    94  tim.o(i.MX_TIM3_Init)
    MemManage_Handler                        0x080029e5   Thumb Code     2  stm32f1xx_it.o(i.MemManage_Handler)
    NMI_Handler                              0x080029e7   Thumb Code     2  stm32f1xx_it.o(i.NMI_Handler)
    SPI1_ReadByte                            0x08002a09   Thumb Code    22  tli4970.o(i.SPI1_ReadByte)
    StartDefaultTask                         0x08002adb   Thumb Code     8  freertos.o(i.StartDefaultTask)
    Start_Task                               0x08002ae5   Thumb Code   204  task_create.o(i.Start_Task)
    SysTick_Handler                          0x08002c41   Thumb Code     4  stm32f1xx_it.o(i.SysTick_Handler)
    SystemClock_Config                       0x08002c45   Thumb Code   108  main.o(i.SystemClock_Config)
    SystemInit                               0x08002cb1   Thumb Code    56  system_stm32f1xx.o(i.SystemInit)
    TIM3_IRQHandler                          0x08002cf9   Thumb Code     6  stm32f1xx_it.o(i.TIM3_IRQHandler)
    TIM4_IRQHandler                          0x08002d05   Thumb Code     6  stm32f1xx_it.o(i.TIM4_IRQHandler)
    TIM_Base_SetConfig                       0x08002d11   Thumb Code    94  stm32f1xx_hal_tim.o(i.TIM_Base_SetConfig)
    TransmitLenByte                          0x08002de7   Thumb Code    40  mcp4726.o(i.TransmitLenByte)
    TransmitOneByte                          0x08002e0f   Thumb Code    62  mcp4726.o(i.TransmitOneByte)
    UsageFault_Handler                       0x08002e4d   Thumb Code     2  stm32f1xx_it.o(i.UsageFault_Handler)
    _Error_Handler                           0x08002e4f   Thumb Code     2  main.o(i._Error_Handler)
    __ARM_fpclassify                         0x08002e51   Thumb Code    40  fpclassify.o(i.__ARM_fpclassify)
    __kernel_poly                            0x08002e79   Thumb Code   170  poly.o(i.__kernel_poly)
    __mathlib_dbl_divzero                    0x08002f25   Thumb Code    12  dunder.o(i.__mathlib_dbl_divzero)
    __mathlib_dbl_infnan2                    0x08002f35   Thumb Code     4  dunder.o(i.__mathlib_dbl_infnan2)
    __mathlib_dbl_invalid                    0x08002f39   Thumb Code    12  dunder.o(i.__mathlib_dbl_invalid)
    __mathlib_dbl_overflow                   0x08002f45   Thumb Code    14  dunder.o(i.__mathlib_dbl_overflow)
    __mathlib_dbl_underflow                  0x08002f55   Thumb Code    10  dunder.o(i.__mathlib_dbl_underflow)
    __scatterload_copy                       0x08002f65   Thumb Code    14  handlers.o(i.__scatterload_copy)
    __scatterload_null                       0x08002f73   Thumb Code     2  handlers.o(i.__scatterload_null)
    __scatterload_zeroinit                   0x08002f75   Thumb Code    14  handlers.o(i.__scatterload_zeroinit)
    __set_errno                              0x08002f85   Thumb Code     6  errno.o(i.__set_errno)
    adcDriverUpdate                          0x08002f91   Thumb Code   146  adc.o(i.adcDriverUpdate)
    buckData                                 0x08003031   Thumb Code     4  buckprog.o(i.buckData)
    buckInit                                 0x08003039   Thumb Code     6  buckprog.o(i.buckInit)
    canFeedbackInit                          0x08003045   Thumb Code    12  canfeedback.o(i.canFeedbackInit)
    can_processInit                          0x08003055   Thumb Code    76  bxcan.o(i.can_processInit)
    currentSensorInit                        0x080030a5   Thumb Code    26  tli4970.o(i.currentSensorInit)
    currentSensorSample                      0x080030c1   Thumb Code   100  tli4970.o(i.currentSensorSample)
    currentSensorUpdate                      0x08003129   Thumb Code   104  tli4970.o(i.currentSensorUpdate)
    dacInit                                  0x08003195   Thumb Code   112  mcp4726.o(i.dacInit)
    dacUpdate                                0x08003235   Thumb Code   116  mcp4726.o(i.dacUpdate)
    delay_ms                                 0x080032d9   Thumb Code    26  delay.o(i.delay_ms)
    delay_us                                 0x080032f5   Thumb Code    48  delay.o(i.delay_us)
    main                                     0x08003329   Thumb Code   110  main.o(i.main)
    osDelay                                  0x080033a9   Thumb Code    14  cmsis_os.o(i.osDelay)
    osKernelStart                            0x080033b7   Thumb Code    10  cmsis_os.o(i.osKernelStart)
    osSystickHandler                         0x080033c1   Thumb Code    20  cmsis_os.o(i.osSystickHandler)
    osThreadCreate                           0x080033d5   Thumb Code    46  cmsis_os.o(i.osThreadCreate)
    pathCalcThd                              0x08003405   Thumb Code   228  pathcontrol.o(i.pathCalcThd)
    pathControlInit                          0x080034f9   Thumb Code    24  pathcontrol.o(i.pathControlInit)
    pathMonitorInit                          0x08003519   Thumb Code    28  pathmonitor.o(i.pathMonitorInit)
    pathMonitorThd                           0x08003539   Thumb Code    44  pathmonitor.o(i.pathMonitorThd)
    pathRampThd                              0x0800356d   Thumb Code     2  pathcontrol.o(i.pathRampThd)
    pathSwitch                               0x08003571   Thumb Code    32  pathswitch.o(i.pathSwitch)
    pathSwitchInit                           0x08003595   Thumb Code    16  pathswitch.o(i.pathSwitchInit)
    pathSwitchThd                            0x080035a9   Thumb Code   224  pathcontrol.o(i.pathSwitchThd)
    pidCalcThd                               0x08003699   Thumb Code   246  pathcontrol.o(i.pidCalcThd)
    pow                                      0x080037a1   Thumb Code  2512  pow.o(i.pow)
    pvPortMalloc                             0x08004889   Thumb Code   210  heap_4.o(i.pvPortMalloc)
    pvTaskIncrementMutexHeldCount            0x08004961   Thumb Code    18  tasks.o(i.pvTaskIncrementMutexHeldCount)
    pxPortInitialiseStack                    0x08004979   Thumb Code    32  port.o(i.pxPortInitialiseStack)
    returnCommand                            0x0800499d   Thumb Code     4  bxcan.o(i.returnCommand)
    returnPathData                           0x080049a5   Thumb Code     4  pathcontrol.o(i.returnPathData)
    sqrt                                     0x080049ad   Thumb Code    76  sqrt.o(i.sqrt)
    uxListRemove                             0x080049f9   Thumb Code    36  list.o(i.uxListRemove)
    vApplicationStackOverflowHook            0x08004a1d   Thumb Code     2  freertos.o(i.vApplicationStackOverflowHook)
    vListInitialise                          0x08004a1f   Thumb Code    22  list.o(i.vListInitialise)
    vListInitialiseItem                      0x08004a35   Thumb Code     6  list.o(i.vListInitialiseItem)
    vListInsert                              0x08004a3b   Thumb Code    48  list.o(i.vListInsert)
    vListInsertEnd                           0x08004a6b   Thumb Code    24  list.o(i.vListInsertEnd)
    vPortEnterCritical                       0x08004a85   Thumb Code    54  port.o(i.vPortEnterCritical)
    vPortExitCritical                        0x08004ac5   Thumb Code    34  port.o(i.vPortExitCritical)
    vPortFree                                0x08004aed   Thumb Code    88  heap_4.o(i.vPortFree)
    vPortSetupTimerInterrupt                 0x08004b49   Thumb Code    26  port.o(i.vPortSetupTimerInterrupt)
    vPortValidateInterruptPriority           0x08004b69   Thumb Code    74  port.o(i.vPortValidateInterruptPriority)
    vQueueAddToRegistry                      0x08004bbd   Thumb Code    34  queue.o(i.vQueueAddToRegistry)
    vQueueWaitForMessageRestricted           0x08004be5   Thumb Code    68  queue.o(i.vQueueWaitForMessageRestricted)
    vTaskDelay                               0x08004c29   Thumb Code    66  tasks.o(i.vTaskDelay)
    vTaskMissedYield                         0x08004c75   Thumb Code     8  tasks.o(i.vTaskMissedYield)
    vTaskPlaceOnEventList                    0x08004c81   Thumb Code    44  tasks.o(i.vTaskPlaceOnEventList)
    vTaskPlaceOnEventListRestricted          0x08004cb1   Thumb Code    52  tasks.o(i.vTaskPlaceOnEventListRestricted)
    vTaskPriorityInherit                     0x08004ce9   Thumb Code   124  tasks.o(i.vTaskPriorityInherit)
    vTaskSetTimeOutState                     0x08004d6d   Thumb Code    30  tasks.o(i.vTaskSetTimeOutState)
    vTaskStartScheduler                      0x08004d91   Thumb Code    94  tasks.o(i.vTaskStartScheduler)
    vTaskSuspend                             0x08004e01   Thumb Code   162  tasks.o(i.vTaskSuspend)
    vTaskSuspendAll                          0x08004eb1   Thumb Code    10  tasks.o(i.vTaskSuspendAll)
    vTaskSwitchContext                       0x08004ec1   Thumb Code   106  tasks.o(i.vTaskSwitchContext)
    voltMonThd                               0x08004f35   Thumb Code    32  voltmonitor.o(i.voltMonThd)
    voltMoninit                              0x08004f5d   Thumb Code     2  voltmonitor.o(i.voltMoninit)
    xPortStartScheduler                      0x08004f61   Thumb Code   102  port.o(i.xPortStartScheduler)
    xPortSysTickHandler                      0x08004fd5   Thumb Code    38  port.o(i.xPortSysTickHandler)
    xQueueGenericCreate                      0x08005001   Thumb Code    82  queue.o(i.xQueueGenericCreate)
    xQueueGenericReceive                     0x08005055   Thumb Code   360  queue.o(i.xQueueGenericReceive)
    xQueueGenericReset                       0x080051c1   Thumb Code   132  queue.o(i.xQueueGenericReset)
    xQueueGenericSend                        0x08005249   Thumb Code   346  queue.o(i.xQueueGenericSend)
    xQueueGenericSendFromISR                 0x080053a9   Thumb Code   188  queue.o(i.xQueueGenericSendFromISR)
    xTaskCheckForTimeOut                     0x08005465   Thumb Code   102  tasks.o(i.xTaskCheckForTimeOut)
    xTaskCreate                              0x080054d1   Thumb Code    86  tasks.o(i.xTaskCreate)
    xTaskGetSchedulerState                   0x08005529   Thumb Code    22  tasks.o(i.xTaskGetSchedulerState)
    xTaskGetTickCount                        0x08005545   Thumb Code     6  tasks.o(i.xTaskGetTickCount)
    xTaskIncrementTick                       0x08005551   Thumb Code   192  tasks.o(i.xTaskIncrementTick)
    xTaskPriorityDisinherit                  0x08005619   Thumb Code   144  tasks.o(i.xTaskPriorityDisinherit)
    xTaskRemoveFromEventList                 0x080056b1   Thumb Code   108  tasks.o(i.xTaskRemoveFromEventList)
    xTaskResumeAll                           0x08005725   Thumb Code   182  tasks.o(i.xTaskResumeAll)
    xTimerCreateTimerTask                    0x080057e9   Thumb Code    56  timers.o(i.xTimerCreateTimerTask)
    xTimerGenericCommand                     0x08005831   Thumb Code    92  timers.o(i.xTimerGenericCommand)
    AHBPrescTable                            0x08005890   Data          16  system_stm32f1xx.o(.constdata)
    APBPrescTable                            0x080058a0   Data           8  system_stm32f1xx.o(.constdata)
    __mathlib_zero                           0x08005948   Data           8  qnan.o(.constdata)
    Region$$Table$$Base                      0x0800595c   Number         0  anon$$obj.o(Region$$Table)
    Region$$Table$$Limit                     0x0800597c   Number         0  anon$$obj.o(Region$$Table)
    pxCurrentTCB                             0x20000000   Data           4  tasks.o(.data)
    SystemCoreClock                          0x20000074   Data           4  system_stm32f1xx.o(.data)
    defaultTaskHandle                        0x20000080   Data           4  freertos.o(.data)
    StartTask_Handler                        0x20000088   Data           4  task_create.o(.data)
    can_processInit_Handler                  0x2000008c   Data           4  task_create.o(.data)
    pathMonitorThd_Handler                   0x20000090   Data           4  task_create.o(.data)
    BuckProgThd_Handler                      0x20000094   Data           4  task_create.o(.data)
    voltMonThd_Handler                       0x20000098   Data           4  task_create.o(.data)
    pathSwitchThd_Handler                    0x2000009c   Data           4  task_create.o(.data)
    pathCalcThd_Handler                      0x200000a0   Data           4  task_create.o(.data)
    pidCalcThd_Handler                       0x200000a4   Data           4  task_create.o(.data)
    pathRampThd_Handler                      0x200000a8   Data           4  task_create.o(.data)
    timeoutCount                             0x200000d8   Data           4  pathcontrol.o(.data)
    userCommand                              0x200000e0   Data           4  pathcontrol.o(.data)
    feedbackData1                            0x200000e4   Data           1  canfeedback.o(.data)
    pathData1                                0x200000e8   Data           4  canfeedback.o(.data)
    feedbackData                             0x200000ec   Data           4  canfeedback.o(.data)
    uwTickFreq                               0x200000f0   Data           1  stm32f1xx_hal.o(.data)
    uwTickPrio                               0x200000f4   Data           4  stm32f1xx_hal.o(.data)
    uwTick                                   0x200000f8   Data           4  stm32f1xx_hal.o(.data)
    commandInput                             0x200000fc   Data           8  bxcan.o(.data)
    xQueueRegistry                           0x20000108   Data          64  queue.o(.bss)
    hi2c1                                    0x20000e60   Data          84  i2c.o(.bss)
    hspi1                                    0x20000eb4   Data          88  spi.o(.bss)
    hadc1                                    0x20000f7c   Data          48  adc.o(.bss)
    htim4                                    0x20000fac   Data          64  stm32f1xx_hal_timebase_tim.o(.bss)
    hcan                                     0x20000fec   Data          68  can.o(.bss)
    htim3                                    0x20001030   Data          64  tim.o(.bss)
    aSpiCfg                                  0x20001090   Data          16  pathmonitor.o(.bss)
    bSpiCfg                                  0x200010a0   Data          16  pathmonitor.o(.bss)
    GPIO_InitStruct                          0x200010b0   Data          16  mcp4726.o(.bss)
    pathData                                 0x20001100   Data          72  pathcontrol.o(.bss)
    buckPid                                  0x20001148   Data          64  pathcontrol.o(.bss)
    GPIO_Struct                              0x20001188   Data          16  pathswitch.o(.bss)
    __initial_sp                             0x20001598   Data           0  startup_stm32f103xb.o(STACK)



==============================================================================

Memory Map of the image

  Image Entry point : 0x080000ed

  Load Region LR_IROM1 (Base: 0x08000000, Size: 0x00005a84, Max: 0x00020000, ABSOLUTE)

    Execution Region ER_IROM1 (Exec base: 0x08000000, Load base: 0x08000000, Size: 0x0000597c, Max: 0x00020000, ABSOLUTE)

    Exec Addr    Load Addr    Size         Type   Attr      Idx    E Section Name        Object

    0x08000000   0x08000000   0x000000ec   Data   RO         1443    RESET               startup_stm32f103xb.o
    0x080000ec   0x080000ec   0x00000000   Code   RO         5507  * .ARM.Collect$$$$00000000  mc_w.l(entry.o)
    0x080000ec   0x080000ec   0x00000004   Code   RO         5571    .ARM.Collect$$$$00000001  mc_w.l(entry2.o)
    0x080000f0   0x080000f0   0x00000004   Code   RO         5574    .ARM.Collect$$$$00000004  mc_w.l(entry5.o)
    0x080000f4   0x080000f4   0x00000000   Code   RO         5576    .ARM.Collect$$$$00000008  mc_w.l(entry7b.o)
    0x080000f4   0x080000f4   0x00000000   Code   RO         5578    .ARM.Collect$$$$0000000A  mc_w.l(entry8b.o)
    0x080000f4   0x080000f4   0x00000008   Code   RO         5579    .ARM.Collect$$$$0000000B  mc_w.l(entry9a.o)
    0x080000fc   0x080000fc   0x00000000   Code   RO         5581    .ARM.Collect$$$$0000000D  mc_w.l(entry10a.o)
    0x080000fc   0x080000fc   0x00000000   Code   RO         5583    .ARM.Collect$$$$0000000F  mc_w.l(entry11a.o)
    0x080000fc   0x080000fc   0x00000004   Code   RO         5572    .ARM.Collect$$$$00002712  mc_w.l(entry2.o)
    0x08000100   0x08000100   0x00000096   Code   RO         1204    .emb_text           port.o
    0x08000196   0x08000196   0x00000002   PAD
    0x08000198   0x08000198   0x00000024   Code   RO         1444    .text               startup_stm32f103xb.o
    0x080001bc   0x080001bc   0x00000020   Code   RO         5510    .text               mc_w.l(llushr.o)
    0x080001dc   0x080001dc   0x00000024   Code   RO         5512    .text               mc_w.l(memcpya.o)
    0x08000200   0x08000200   0x00000024   Code   RO         5514    .text               mc_w.l(memseta.o)
    0x08000224   0x08000224   0x000000b0   Code   RO         5518    .text               mf_w.l(fadd.o)
    0x080002d4   0x080002d4   0x00000064   Code   RO         5520    .text               mf_w.l(fmul.o)
    0x08000338   0x08000338   0x0000014e   Code   RO         5522    .text               mf_w.l(dadd.o)
    0x08000486   0x08000486   0x000000e4   Code   RO         5524    .text               mf_w.l(dmul.o)
    0x0800056a   0x0800056a   0x000000de   Code   RO         5526    .text               mf_w.l(ddiv.o)
    0x08000648   0x08000648   0x0000002e   Code   RO         5528    .text               mf_w.l(dscalb.o)
    0x08000676   0x08000676   0x00000012   Code   RO         5530    .text               mf_w.l(fflti.o)
    0x08000688   0x08000688   0x0000000a   Code   RO         5532    .text               mf_w.l(ffltui.o)
    0x08000692   0x08000692   0x0000001a   Code   RO         5534    .text               mf_w.l(dfltui.o)
    0x080006ac   0x080006ac   0x00000032   Code   RO         5536    .text               mf_w.l(ffixi.o)
    0x080006de   0x080006de   0x00000028   Code   RO         5538    .text               mf_w.l(ffixui.o)
    0x08000706   0x08000706   0x0000003e   Code   RO         5540    .text               mf_w.l(dfixi.o)
    0x08000744   0x08000744   0x00000014   Code   RO         5542    .text               mf_w.l(cfcmple.o)
    0x08000758   0x08000758   0x0000001e   Code   RO         5585    .text               mc_w.l(llshl.o)
    0x08000776   0x08000776   0x00000024   Code   RO         5587    .text               mc_w.l(llsshr.o)
    0x0800079a   0x0800079a   0x00000000   Code   RO         5596    .text               mc_w.l(iusefp.o)
    0x0800079a   0x0800079a   0x0000006e   Code   RO         5597    .text               mf_w.l(fepilogue.o)
    0x08000808   0x08000808   0x000000ba   Code   RO         5599    .text               mf_w.l(depilogue.o)
    0x080008c2   0x080008c2   0x00000022   Code   RO         5601    .text               mf_w.l(dflti.o)
    0x080008e4   0x080008e4   0x00000030   Code   RO         5603    .text               mf_w.l(cdrcmple.o)
    0x08000914   0x08000914   0x00000024   Code   RO         5605    .text               mc_w.l(init.o)
    0x08000938   0x08000938   0x000000a2   Code   RO         5607    .text               mf_w.l(dsqrt.o)
    0x080009da   0x080009da   0x00000002   PAD
    0x080009dc   0x080009dc   0x0000004c   Code   RO         2502    i.ADC_ConversionStop_Disable  stm32f1xx_hal_adc.o
    0x08000a28   0x08000a28   0x00000070   Code   RO         2506    i.ADC_Enable        stm32f1xx_hal_adc.o
    0x08000a98   0x08000a98   0x0000002c   Code   RO         2073    i.App_Task_Create   task_create.o
    0x08000ac4   0x08000ac4   0x00000040   Code   RO         2206    i.BuckProgThd       buckprog.o
    0x08000b04   0x08000b04   0x00000002   Code   RO         1546    i.BusFault_Handler  stm32f1xx_it.o
    0x08000b06   0x08000b06   0x00000002   Code   RO         1547    i.DebugMon_Handler  stm32f1xx_it.o
    0x08000b08   0x08000b08   0x00000030   Code   RO         1748    i.Get_Adc           adc.o
    0x08000b38   0x08000b38   0x000000fc   Code   RO         2508    i.HAL_ADC_ConfigChannel  stm32f1xx_hal_adc.o
    0x08000c34   0x08000c34   0x00000006   Code   RO         2515    i.HAL_ADC_GetValue  stm32f1xx_hal_adc.o
    0x08000c3a   0x08000c3a   0x00000002   PAD
    0x08000c3c   0x08000c3c   0x0000011c   Code   RO         2517    i.HAL_ADC_Init      stm32f1xx_hal_adc.o
    0x08000d58   0x08000d58   0x00000054   Code   RO         1751    i.HAL_ADC_MspInit   adc.o
    0x08000dac   0x08000dac   0x00000130   Code   RO         2521    i.HAL_ADC_PollForConversion  stm32f1xx_hal_adc.o
    0x08000edc   0x08000edc   0x000000c0   Code   RO         2523    i.HAL_ADC_Start     stm32f1xx_hal_adc.o
    0x08000f9c   0x08000f9c   0x000000f2   Code   RO         2683    i.HAL_CAN_ConfigFilter  stm32f1xx_hal_can.o
    0x0800108e   0x0800108e   0x0000012c   Code   RO         2689    i.HAL_CAN_Init      stm32f1xx_hal_can.o
    0x080011ba   0x080011ba   0x00000002   PAD
    0x080011bc   0x080011bc   0x00000058   Code   RO         1852    i.HAL_CAN_MspInit   can.o
    0x08001214   0x08001214   0x000001bc   Code   RO         3190    i.HAL_GPIO_Init     stm32f1xx_hal_gpio.o
    0x080013d0   0x080013d0   0x00000008   Code   RO         3193    i.HAL_GPIO_TogglePin  stm32f1xx_hal_gpio.o
    0x080013d8   0x080013d8   0x0000000a   Code   RO         3194    i.HAL_GPIO_WritePin  stm32f1xx_hal_gpio.o
    0x080013e2   0x080013e2   0x00000002   PAD
    0x080013e4   0x080013e4   0x0000000c   Code   RO         3039    i.HAL_GetTick       stm32f1xx_hal.o
    0x080013f0   0x080013f0   0x00000140   Code   RO         4442    i.HAL_I2C_Init      stm32f1xx_hal_i2c.o
    0x08001530   0x08001530   0x00000044   Code   RO         1623    i.HAL_I2C_MspInit   i2c.o
    0x08001574   0x08001574   0x00000010   Code   RO         3043    i.HAL_IncTick       stm32f1xx_hal.o
    0x08001584   0x08001584   0x00000024   Code   RO         3044    i.HAL_Init          stm32f1xx_hal.o
    0x080015a8   0x080015a8   0x00000074   Code   RO         1811    i.HAL_InitTick      stm32f1xx_hal_timebase_tim.o
    0x0800161c   0x0800161c   0x00000080   Code   RO         1994    i.HAL_MspInit       stm32f1xx_hal_msp.o
    0x0800169c   0x0800169c   0x00000016   Code   RO         5321    i.HAL_NVIC_EnableIRQ  stm32f1xx_hal_cortex.o
    0x080016b2   0x080016b2   0x00000002   PAD
    0x080016b4   0x080016b4   0x00000040   Code   RO         5327    i.HAL_NVIC_SetPriority  stm32f1xx_hal_cortex.o
    0x080016f4   0x080016f4   0x00000024   Code   RO         5328    i.HAL_NVIC_SetPriorityGrouping  stm32f1xx_hal_cortex.o
    0x08001718   0x08001718   0x000000c8   Code   RO         4830    i.HAL_RCCEx_GetPeriphCLKFreq  stm32f1xx_hal_rcc_ex.o
    0x080017e0   0x080017e0   0x000000ec   Code   RO         4831    i.HAL_RCCEx_PeriphCLKConfig  stm32f1xx_hal_rcc_ex.o
    0x080018cc   0x080018cc   0x00000154   Code   RO         2808    i.HAL_RCC_ClockConfig  stm32f1xx_hal_rcc.o
    0x08001a20   0x08001a20   0x00000040   Code   RO         2812    i.HAL_RCC_GetClockConfig  stm32f1xx_hal_rcc.o
    0x08001a60   0x08001a60   0x0000000c   Code   RO         2813    i.HAL_RCC_GetHCLKFreq  stm32f1xx_hal_rcc.o
    0x08001a6c   0x08001a6c   0x00000020   Code   RO         2815    i.HAL_RCC_GetPCLK1Freq  stm32f1xx_hal_rcc.o
    0x08001a8c   0x08001a8c   0x00000020   Code   RO         2816    i.HAL_RCC_GetPCLK2Freq  stm32f1xx_hal_rcc.o
    0x08001aac   0x08001aac   0x0000006c   Code   RO         2817    i.HAL_RCC_GetSysClockFreq  stm32f1xx_hal_rcc.o
    0x08001b18   0x08001b18   0x00000304   Code   RO         2820    i.HAL_RCC_OscConfig  stm32f1xx_hal_rcc.o
    0x08001e1c   0x08001e1c   0x00000082   Code   RO         2909    i.HAL_SPI_Init      stm32f1xx_hal_spi_ex.o
    0x08001e9e   0x08001e9e   0x00000002   PAD
    0x08001ea0   0x08001ea0   0x00000058   Code   RO         1707    i.HAL_SPI_MspInit   spi.o
    0x08001ef8   0x08001ef8   0x00000150   Code   RO         3406    i.HAL_SPI_Receive   stm32f1xx_hal_spi.o
    0x08002048   0x08002048   0x000001d8   Code   RO         3412    i.HAL_SPI_TransmitReceive  stm32f1xx_hal_spi.o
    0x08002220   0x08002220   0x00000018   Code   RO         5330    i.HAL_SYSTICK_CLKSourceConfig  stm32f1xx_hal_cortex.o
    0x08002238   0x08002238   0x00000028   Code   RO         5332    i.HAL_SYSTICK_Config  stm32f1xx_hal_cortex.o
    0x08002260   0x08002260   0x00000002   Code   RO         4990    i.HAL_TIMEx_BreakCallback  stm32f1xx_hal_tim_ex.o
    0x08002262   0x08002262   0x00000002   Code   RO         4991    i.HAL_TIMEx_CommutationCallback  stm32f1xx_hal_tim_ex.o
    0x08002264   0x08002264   0x00000050   Code   RO         5007    i.HAL_TIMEx_MasterConfigSynchronization  stm32f1xx_hal_tim_ex.o
    0x080022b4   0x080022b4   0x00000036   Code   RO         3717    i.HAL_TIM_Base_Init  stm32f1xx_hal_tim.o
    0x080022ea   0x080022ea   0x00000002   PAD
    0x080022ec   0x080022ec   0x0000003c   Code   RO         1953    i.HAL_TIM_Base_MspInit  tim.o
    0x08002328   0x08002328   0x00000018   Code   RO         3722    i.HAL_TIM_Base_Start_IT  stm32f1xx_hal_tim.o
    0x08002340   0x08002340   0x000000f2   Code   RO         3726    i.HAL_TIM_ConfigClockSource  stm32f1xx_hal_tim.o
    0x08002432   0x08002432   0x00000002   Code   RO         3746    i.HAL_TIM_IC_CaptureCallback  stm32f1xx_hal_tim.o
    0x08002434   0x08002434   0x00000166   Code   RO         3759    i.HAL_TIM_IRQHandler  stm32f1xx_hal_tim.o
    0x0800259a   0x0800259a   0x00000002   Code   RO         3762    i.HAL_TIM_OC_DelayElapsedCallback  stm32f1xx_hal_tim.o
    0x0800259c   0x0800259c   0x00000002   Code   RO         3789    i.HAL_TIM_PWM_PulseFinishedCallback  stm32f1xx_hal_tim.o
    0x0800259e   0x0800259e   0x00000002   PAD
    0x080025a0   0x080025a0   0x00000014   Code   RO         1451    i.HAL_TIM_PeriodElapsedCallback  main.o
    0x080025b4   0x080025b4   0x00000002   Code   RO         3800    i.HAL_TIM_TriggerCallback  stm32f1xx_hal_tim.o
    0x080025b6   0x080025b6   0x00000002   Code   RO         1548    i.HardFault_Handler  stm32f1xx_it.o
    0x080025b8   0x080025b8   0x00000060   Code   RO         1627    i.IIC_Send_Byte     i2c.o
    0x08002618   0x08002618   0x00000040   Code   RO         1628    i.IIC_Start         i2c.o
    0x08002658   0x08002658   0x00000044   Code   RO         1629    i.IIC_Stop          i2c.o
    0x0800269c   0x0800269c   0x00000058   Code   RO         1630    i.IIC_Wait_Ack      i2c.o
    0x080026f4   0x080026f4   0x00000024   Code   RO         2098    i.LED_init          led.o
    0x08002718   0x08002718   0x00000060   Code   RO         1752    i.MX_ADC1_Init      adc.o
    0x08002778   0x08002778   0x00000050   Code   RO         1853    i.MX_CAN_Init       can.o
    0x080027c8   0x080027c8   0x00000028   Code   RO         1890    i.MX_FREERTOS_Init  freertos.o
    0x080027f0   0x080027f0   0x000000c0   Code   RO         1928    i.MX_GPIO_Init      gpio.o
    0x080028b0   0x080028b0   0x0000005c   Code   RO         1631    i.MX_I2C1_Init      i2c.o
    0x0800290c   0x0800290c   0x00000060   Code   RO         1708    i.MX_SPI1_Init      spi.o
    0x0800296c   0x0800296c   0x00000078   Code   RO         1954    i.MX_TIM3_Init      tim.o
    0x080029e4   0x080029e4   0x00000002   Code   RO         1549    i.MemManage_Handler  stm32f1xx_it.o
    0x080029e6   0x080029e6   0x00000002   Code   RO         1550    i.NMI_Handler       stm32f1xx_it.o
    0x080029e8   0x080029e8   0x00000020   Code   RO         5334    i.NVIC_SetPriority  stm32f1xx_hal_cortex.o
    0x08002a08   0x08002a08   0x0000001c   Code   RO         2122    i.SPI1_ReadByte     tli4970.o
    0x08002a24   0x08002a24   0x00000020   Code   RO         3427    i.SPI_CheckFlag_BSY  stm32f1xx_hal_spi.o
    0x08002a44   0x08002a44   0x00000096   Code   RO         3446    i.SPI_WaitFlagStateUntilTimeout  stm32f1xx_hal_spi.o
    0x08002ada   0x08002ada   0x00000008   Code   RO         1891    i.StartDefaultTask  freertos.o
    0x08002ae2   0x08002ae2   0x00000002   PAD
    0x08002ae4   0x08002ae4   0x0000015c   Code   RO         2074    i.Start_Task        task_create.o
    0x08002c40   0x08002c40   0x00000004   Code   RO         1551    i.SysTick_Handler   stm32f1xx_it.o
    0x08002c44   0x08002c44   0x0000006c   Code   RO         1452    i.SystemClock_Config  main.o
    0x08002cb0   0x08002cb0   0x00000048   Code   RO         1321    i.SystemInit        system_stm32f1xx.o
    0x08002cf8   0x08002cf8   0x0000000c   Code   RO         1552    i.TIM3_IRQHandler   stm32f1xx_it.o
    0x08002d04   0x08002d04   0x0000000c   Code   RO         1553    i.TIM4_IRQHandler   stm32f1xx_it.o
    0x08002d10   0x08002d10   0x0000006c   Code   RO         3801    i.TIM_Base_SetConfig  stm32f1xx_hal_tim.o
    0x08002d7c   0x08002d7c   0x00000014   Code   RO         3808    i.TIM_ETR_SetConfig  stm32f1xx_hal_tim.o
    0x08002d90   0x08002d90   0x00000010   Code   RO         3809    i.TIM_ITRx_SetConfig  stm32f1xx_hal_tim.o
    0x08002da0   0x08002da0   0x00000022   Code   RO         3815    i.TIM_TI1_ConfigInputStage  stm32f1xx_hal_tim.o
    0x08002dc2   0x08002dc2   0x00000024   Code   RO         3817    i.TIM_TI2_ConfigInputStage  stm32f1xx_hal_tim.o
    0x08002de6   0x08002de6   0x00000028   Code   RO         2249    i.TransmitLenByte   mcp4726.o
    0x08002e0e   0x08002e0e   0x0000003e   Code   RO         2250    i.TransmitOneByte   mcp4726.o
    0x08002e4c   0x08002e4c   0x00000002   Code   RO         1554    i.UsageFault_Handler  stm32f1xx_it.o
    0x08002e4e   0x08002e4e   0x00000002   Code   RO         1453    i._Error_Handler    main.o
    0x08002e50   0x08002e50   0x00000028   Code   RO         5558    i.__ARM_fpclassify  m_ws.l(fpclassify.o)
    0x08002e78   0x08002e78   0x000000aa   Code   RO         5560    i.__kernel_poly     m_ws.l(poly.o)
    0x08002f22   0x08002f22   0x00000002   PAD
    0x08002f24   0x08002f24   0x00000010   Code   RO         5544    i.__mathlib_dbl_divzero  m_ws.l(dunder.o)
    0x08002f34   0x08002f34   0x00000004   Code   RO         5546    i.__mathlib_dbl_infnan2  m_ws.l(dunder.o)
    0x08002f38   0x08002f38   0x0000000c   Code   RO         5547    i.__mathlib_dbl_invalid  m_ws.l(dunder.o)
    0x08002f44   0x08002f44   0x0000000e   Code   RO         5548    i.__mathlib_dbl_overflow  m_ws.l(dunder.o)
    0x08002f52   0x08002f52   0x00000002   PAD
    0x08002f54   0x08002f54   0x00000010   Code   RO         5550    i.__mathlib_dbl_underflow  m_ws.l(dunder.o)
    0x08002f64   0x08002f64   0x0000000e   Code   RO         5613    i.__scatterload_copy  mc_w.l(handlers.o)
    0x08002f72   0x08002f72   0x00000002   Code   RO         5614    i.__scatterload_null  mc_w.l(handlers.o)
    0x08002f74   0x08002f74   0x0000000e   Code   RO         5615    i.__scatterload_zeroinit  mc_w.l(handlers.o)
    0x08002f82   0x08002f82   0x00000002   PAD
    0x08002f84   0x08002f84   0x0000000c   Code   RO         5591    i.__set_errno       mc_w.l(errno.o)
    0x08002f90   0x08002f90   0x000000a0   Code   RO         1753    i.adcDriverUpdate   adc.o
    0x08003030   0x08003030   0x00000008   Code   RO         2207    i.buckData          buckprog.o
    0x08003038   0x08003038   0x0000000c   Code   RO         2208    i.buckInit          buckprog.o
    0x08003044   0x08003044   0x00000010   Code   RO         2463    i.canFeedbackInit   canfeedback.o
    0x08003054   0x08003054   0x00000050   Code   RO         5440    i.can_processInit   bxcan.o
    0x080030a4   0x080030a4   0x0000001a   Code   RO         2123    i.currentSensorInit  tli4970.o
    0x080030be   0x080030be   0x00000002   PAD
    0x080030c0   0x080030c0   0x00000068   Code   RO         2124    i.currentSensorSample  tli4970.o
    0x08003128   0x08003128   0x0000006c   Code   RO         2125    i.currentSensorUpdate  tli4970.o
    0x08003194   0x08003194   0x000000a0   Code   RO         2252    i.dacInit           mcp4726.o
    0x08003234   0x08003234   0x000000a4   Code   RO         2253    i.dacUpdate         mcp4726.o
    0x080032d8   0x080032d8   0x0000001a   Code   RO         2169    i.delay_ms          delay.o
    0x080032f2   0x080032f2   0x00000002   PAD
    0x080032f4   0x080032f4   0x00000034   Code   RO         2170    i.delay_us          delay.o
    0x08003328   0x08003328   0x00000074   Code   RO         1454    i.main              main.o
    0x0800339c   0x0800339c   0x0000000c   Code   RO          827    i.makeFreeRtosPriority  cmsis_os.o
    0x080033a8   0x080033a8   0x0000000e   Code   RO          829    i.osDelay           cmsis_os.o
    0x080033b6   0x080033b6   0x0000000a   Code   RO          832    i.osKernelStart     cmsis_os.o
    0x080033c0   0x080033c0   0x00000014   Code   RO          865    i.osSystickHandler  cmsis_os.o
    0x080033d4   0x080033d4   0x0000002e   Code   RO          866    i.osThreadCreate    cmsis_os.o
    0x08003402   0x08003402   0x00000002   PAD
    0x08003404   0x08003404   0x000000f4   Code   RO         2359    i.pathCalcThd       pathcontrol.o
    0x080034f8   0x080034f8   0x00000020   Code   RO         2360    i.pathControlInit   pathcontrol.o
    0x08003518   0x08003518   0x00000020   Code   RO         2019    i.pathMonitorInit   pathmonitor.o
    0x08003538   0x08003538   0x00000034   Code   RO         2020    i.pathMonitorThd    pathmonitor.o
    0x0800356c   0x0800356c   0x00000002   Code   RO         2361    i.pathRampThd       pathcontrol.o
    0x0800356e   0x0800356e   0x00000002   PAD
    0x08003570   0x08003570   0x00000024   Code   RO         2430    i.pathSwitch        pathswitch.o
    0x08003594   0x08003594   0x00000014   Code   RO         2431    i.pathSwitchInit    pathswitch.o
    0x080035a8   0x080035a8   0x000000f0   Code   RO         2362    i.pathSwitchThd     pathcontrol.o
    0x08003698   0x08003698   0x00000108   Code   RO         2363    i.pidCalcThd        pathcontrol.o
    0x080037a0   0x080037a0   0x000009d8   Code   RO         5498    i.pow               m_ws.l(pow.o)
    0x08004178   0x08004178   0x00000070   Code   RO          239    i.prvAddCurrentTaskToDelayedList  tasks.o
    0x080041e8   0x080041e8   0x000000d0   Code   RO          240    i.prvAddNewTaskToReadyList  tasks.o
    0x080042b8   0x080042b8   0x00000050   Code   RO          717    i.prvCheckForValidListAndQueue  timers.o
    0x08004308   0x08004308   0x00000050   Code   RO          241    i.prvCheckTasksWaitingTermination  tasks.o
    0x08004358   0x08004358   0x00000026   Code   RO            2    i.prvCopyDataFromQueue  queue.o
    0x0800437e   0x0800437e   0x0000006c   Code   RO            3    i.prvCopyDataToQueue  queue.o
    0x080043ea   0x080043ea   0x00000014   Code   RO          242    i.prvDeleteTCB      tasks.o
    0x080043fe   0x080043fe   0x00000002   PAD
    0x08004400   0x08004400   0x0000004c   Code   RO          655    i.prvHeapInit       heap_4.o
    0x0800444c   0x0800444c   0x00000028   Code   RO          243    i.prvIdleTask       tasks.o
    0x08004474   0x08004474   0x0000009c   Code   RO          244    i.prvInitialiseNewTask  tasks.o
    0x08004510   0x08004510   0x0000004c   Code   RO          656    i.prvInsertBlockIntoFreeList  heap_4.o
    0x0800455c   0x0800455c   0x00000038   Code   RO          718    i.prvInsertTimerInActiveList  timers.o
    0x08004594   0x08004594   0x0000001c   Code   RO            4    i.prvIsQueueEmpty   queue.o
    0x080045b0   0x080045b0   0x000000b8   Code   RO          719    i.prvProcessReceivedCommands  timers.o
    0x08004668   0x08004668   0x000000b4   Code   RO          720    i.prvProcessTimerOrBlockTask  timers.o
    0x0800471c   0x0800471c   0x00000020   Code   RO          246    i.prvResetNextTaskUnblockTime  tasks.o
    0x0800473c   0x0800473c   0x00000028   Code   RO          721    i.prvSampleTimeNow  timers.o
    0x08004764   0x08004764   0x0000006c   Code   RO          722    i.prvSwitchTimerLists  timers.o
    0x080047d0   0x080047d0   0x00000028   Code   RO         1205    i.prvTaskExitError  port.o
    0x080047f8   0x080047f8   0x00000024   Code   RO          723    i.prvTimerTask      timers.o
    0x0800481c   0x0800481c   0x0000006a   Code   RO            5    i.prvUnlockQueue    queue.o
    0x08004886   0x08004886   0x00000002   PAD
    0x08004888   0x08004888   0x000000d8   Code   RO          657    i.pvPortMalloc      heap_4.o
    0x08004960   0x08004960   0x00000018   Code   RO          249    i.pvTaskIncrementMutexHeldCount  tasks.o
    0x08004978   0x08004978   0x00000024   Code   RO         1206    i.pxPortInitialiseStack  port.o
    0x0800499c   0x0800499c   0x00000008   Code   RO         5442    i.returnCommand     bxcan.o
    0x080049a4   0x080049a4   0x00000008   Code   RO         2364    i.returnPathData    pathcontrol.o
    0x080049ac   0x080049ac   0x0000004c   Code   RO         5564    i.sqrt              m_ws.l(sqrt.o)
    0x080049f8   0x080049f8   0x00000024   Code   RO         1281    i.uxListRemove      list.o
    0x08004a1c   0x08004a1c   0x00000002   Code   RO         1892    i.vApplicationStackOverflowHook  freertos.o
    0x08004a1e   0x08004a1e   0x00000016   Code   RO         1282    i.vListInitialise   list.o
    0x08004a34   0x08004a34   0x00000006   Code   RO         1283    i.vListInitialiseItem  list.o
    0x08004a3a   0x08004a3a   0x00000030   Code   RO         1284    i.vListInsert       list.o
    0x08004a6a   0x08004a6a   0x00000018   Code   RO         1285    i.vListInsertEnd    list.o
    0x08004a82   0x08004a82   0x00000002   PAD
    0x08004a84   0x08004a84   0x00000040   Code   RO         1208    i.vPortEnterCritical  port.o
    0x08004ac4   0x08004ac4   0x00000028   Code   RO         1209    i.vPortExitCritical  port.o
    0x08004aec   0x08004aec   0x0000005c   Code   RO          658    i.vPortFree         heap_4.o
    0x08004b48   0x08004b48   0x00000020   Code   RO         1210    i.vPortSetupTimerInterrupt  port.o
    0x08004b68   0x08004b68   0x00000054   Code   RO         1211    i.vPortValidateInterruptPriority  port.o
    0x08004bbc   0x08004bbc   0x00000028   Code   RO           11    i.vQueueAddToRegistry  queue.o
    0x08004be4   0x08004be4   0x00000044   Code   RO           15    i.vQueueWaitForMessageRestricted  queue.o
    0x08004c28   0x08004c28   0x0000004c   Code   RO          258    i.vTaskDelay        tasks.o
    0x08004c74   0x08004c74   0x0000000c   Code   RO          263    i.vTaskMissedYield  tasks.o
    0x08004c80   0x08004c80   0x00000030   Code   RO          265    i.vTaskPlaceOnEventList  tasks.o
    0x08004cb0   0x08004cb0   0x00000038   Code   RO          266    i.vTaskPlaceOnEventListRestricted  tasks.o
    0x08004ce8   0x08004ce8   0x00000084   Code   RO          268    i.vTaskPriorityInherit  tasks.o
    0x08004d6c   0x08004d6c   0x00000024   Code   RO          272    i.vTaskSetTimeOutState  tasks.o
    0x08004d90   0x08004d90   0x00000070   Code   RO          273    i.vTaskStartScheduler  tasks.o
    0x08004e00   0x08004e00   0x000000b0   Code   RO          274    i.vTaskSuspend      tasks.o
    0x08004eb0   0x08004eb0   0x00000010   Code   RO          275    i.vTaskSuspendAll   tasks.o
    0x08004ec0   0x08004ec0   0x00000074   Code   RO          276    i.vTaskSwitchContext  tasks.o
    0x08004f34   0x08004f34   0x00000028   Code   RO         2318    i.voltMonThd        voltmonitor.o
    0x08004f5c   0x08004f5c   0x00000002   Code   RO         2319    i.voltMoninit       voltmonitor.o
    0x08004f5e   0x08004f5e   0x00000002   PAD
    0x08004f60   0x08004f60   0x00000074   Code   RO         1212    i.xPortStartScheduler  port.o
    0x08004fd4   0x08004fd4   0x0000002c   Code   RO         1213    i.xPortSysTickHandler  port.o
    0x08005000   0x08005000   0x00000052   Code   RO           17    i.xQueueGenericCreate  queue.o
    0x08005052   0x08005052   0x00000002   PAD
    0x08005054   0x08005054   0x0000016c   Code   RO           18    i.xQueueGenericReceive  queue.o
    0x080051c0   0x080051c0   0x00000088   Code   RO           19    i.xQueueGenericReset  queue.o
    0x08005248   0x08005248   0x00000160   Code   RO           20    i.xQueueGenericSend  queue.o
    0x080053a8   0x080053a8   0x000000bc   Code   RO           21    i.xQueueGenericSendFromISR  queue.o
    0x08005464   0x08005464   0x0000006c   Code   RO          277    i.xTaskCheckForTimeOut  tasks.o
    0x080054d0   0x080054d0   0x00000056   Code   RO          278    i.xTaskCreate       tasks.o
    0x08005526   0x08005526   0x00000002   PAD
    0x08005528   0x08005528   0x0000001c   Code   RO          282    i.xTaskGetSchedulerState  tasks.o
    0x08005544   0x08005544   0x0000000c   Code   RO          283    i.xTaskGetTickCount  tasks.o
    0x08005550   0x08005550   0x000000c8   Code   RO          285    i.xTaskIncrementTick  tasks.o
    0x08005618   0x08005618   0x00000098   Code   RO          288    i.xTaskPriorityDisinherit  tasks.o
    0x080056b0   0x080056b0   0x00000074   Code   RO          289    i.xTaskRemoveFromEventList  tasks.o
    0x08005724   0x08005724   0x000000c4   Code   RO          291    i.xTaskResumeAll    tasks.o
    0x080057e8   0x080057e8   0x00000048   Code   RO          727    i.xTimerCreateTimerTask  timers.o
    0x08005830   0x08005830   0x00000060   Code   RO          728    i.xTimerGenericCommand  timers.o
    0x08005890   0x08005890   0x00000010   Data   RO         1322    .constdata          system_stm32f1xx.o
    0x080058a0   0x080058a0   0x00000008   Data   RO         1323    .constdata          system_stm32f1xx.o
    0x080058a8   0x080058a8   0x00000014   Data   RO         1893    .constdata          freertos.o
    0x080058bc   0x080058bc   0x00000004   PAD
    0x080058c0   0x080058c0   0x00000088   Data   RO         5499    .constdata          m_ws.l(pow.o)
    0x08005948   0x08005948   0x00000008   Data   RO         5562    .constdata          m_ws.l(qnan.o)
    0x08005950   0x08005950   0x0000000c   Data   RO         1894    .conststring        freertos.o
    0x0800595c   0x0800595c   0x00000020   Data   RO         5611    Region$$Table       anon$$obj.o


    Execution Region RW_IRAM1 (Exec base: 0x20000000, Load base: 0x0800597c, Size: 0x00001598, Max: 0x00005000, ABSOLUTE)

    Exec Addr    Load Addr    Size         Type   Attr      Idx    E Section Name        Object

    0x20000000   0x0800597c   0x0000003c   Data   RW          294    .data               tasks.o
    0x2000003c   0x080059b8   0x00000018   Data   RW          663    .data               heap_4.o
    0x20000054   0x080059d0   0x00000014   Data   RW          734    .data               timers.o
    0x20000068   0x080059e4   0x0000000c   Data   RW         1214    .data               port.o
    0x20000074   0x080059f0   0x00000004   Data   RW         1324    .data               system_stm32f1xx.o
    0x20000078   0x080059f4   0x00000008   Data   RW         1455    .data               main.o
    0x20000080   0x080059fc   0x00000004   Data   RW         1895    .data               freertos.o
    0x20000084   0x08005a00   0x00000004   Data   RW         2022    .data               pathmonitor.o
    0x20000088   0x08005a04   0x00000024   Data   RW         2075    .data               task_create.o
    0x200000ac   0x08005a28   0x00000002   Data   RW         2126    .data               tli4970.o
    0x200000ae   0x08005a2a   0x00000002   PAD
    0x200000b0   0x08005a2c   0x00000004   Data   RW         2171    .data               delay.o
    0x200000b4   0x08005a30   0x0000000c   Data   RW         2209    .data               buckprog.o
    0x200000c0   0x08005a3c   0x00000004   Data   RW         2256    .data               mcp4726.o
    0x200000c4   0x08005a40   0x00000004   Data   RW         2321    .data               voltmonitor.o
    0x200000c8   0x08005a44   0x0000001c   Data   RW         2366    .data               pathcontrol.o
    0x200000e4   0x08005a60   0x0000000c   Data   RW         2465    .data               canfeedback.o
    0x200000f0   0x08005a6c   0x0000000c   Data   RW         3051    .data               stm32f1xx_hal.o
    0x200000fc   0x08005a78   0x00000008   Data   RW         5444    .data               bxcan.o
    0x20000104   0x08005a80   0x00000004   Data   RW         5592    .data               mc_w.l(errno.o)
    0x20000108        -       0x00000040   Zero   RW           27    .bss                queue.o
    0x20000148        -       0x000000f0   Zero   RW          293    .bss                tasks.o
    0x20000238        -       0x00000c00   Zero   RW          662    .bss                heap_4.o
    0x20000e38        -       0x00000028   Zero   RW          733    .bss                timers.o
    0x20000e60        -       0x00000054   Zero   RW         1632    .bss                i2c.o
    0x20000eb4        -       0x00000058   Zero   RW         1709    .bss                spi.o
    0x20000f0c        -       0x000000a0   Zero   RW         1754    .bss                adc.o
    0x20000fac        -       0x00000040   Zero   RW         1814    .bss                stm32f1xx_hal_timebase_tim.o
    0x20000fec        -       0x00000044   Zero   RW         1854    .bss                can.o
    0x20001030        -       0x00000040   Zero   RW         1955    .bss                tim.o
    0x20001070        -       0x00000040   Zero   RW         2021    .bss                pathmonitor.o
    0x200010b0        -       0x00000010   Zero   RW         2255    .bss                mcp4726.o
    0x200010c0        -       0x0000000c   Zero   RW         2320    .bss                voltmonitor.o
    0x200010cc   0x08005a84   0x00000004   PAD
    0x200010d0        -       0x000000b8   Zero   RW         2365    .bss                pathcontrol.o
    0x20001188        -       0x00000010   Zero   RW         2432    .bss                pathswitch.o
    0x20001198        -       0x00000400   Zero   RW         1441    STACK               startup_stm32f103xb.o


==============================================================================

Image component sizes


      Code (inc. data)   RO Data    RW Data    ZI Data      Debug   Object Name

       388         58          0          0        160       3509   adc.o
        84         18          0         12          0       3292   buckprog.o
        88          8          0          8          0       1919   bxcan.o
       168         36          0          0         68       1615   can.o
        16          4          0         12          0       1281   canfeedback.o
       102          0          0          0          0      15252   cmsis_os.o
         0          0          0          0          0       5244   croutine.o
        78          4          0          4          0       1290   delay.o
        50         10         32          4          0       8546   freertos.o
       192         16          0          0          0        967   gpio.o
       460         24          0         24       3072       9959   heap_4.o
       476         84          0          0         84       3687   i2c.o
        36          6          0          0          0        455   led.o
       136          0          0          0          0       3442   list.o
       246         12          0          8          0      10017   main.o
       426         96          0          4         16       3208   mcp4726.o
       790         62          0         28        184       6452   pathcontrol.o
        84         12          0          4         64       4369   pathmonitor.o
        56          8          0          0         16       1116   pathswitch.o
       606         72          0         12          0      11121   port.o
      1510         20          0          0         64      32833   queue.o
       184         40          0          0         88       1657   spi.o
        36          8        236          0       1024        768   startup_stm32f103xb.o
        64         14          0         12          0       2618   stm32f1xx_hal.o
      1226         54          0          0          0       6564   stm32f1xx_hal_adc.o
       542          0          0          0          0       2322   stm32f1xx_hal_can.o
       218         14          0          0          0      26401   stm32f1xx_hal_cortex.o
       462         36          0          0          0       3493   stm32f1xx_hal_gpio.o
       320         18          0          0          0       2935   stm32f1xx_hal_i2c.o
       128         10          0          0          0        890   stm32f1xx_hal_msp.o
      1360        114          0          0          0       6329   stm32f1xx_hal_rcc.o
       436         46          0          0          0       2557   stm32f1xx_hal_rcc_ex.o
       990          0          0          0          0       4844   stm32f1xx_hal_spi.o
       130          0          0          0          0       1079   stm32f1xx_hal_spi_ex.o
       900         14          0          0          0       9551   stm32f1xx_hal_tim.o
        84          0          0          0          0       2362   stm32f1xx_hal_tim_ex.o
       116         16          0          0         64       1472   stm32f1xx_hal_timebase_tim.o
        40         12          0          0          0       3867   stm32f1xx_it.o
        72         16         24          4          0     460543   system_stm32f1xx.o
       392        164          0         36          0       1785   task_create.o
      2350        194          0         60        240      29782   tasks.o
       180         36          0          0         64       1634   tim.o
       852         78          0         20         40      12379   timers.o
       266         14          0          2          0       3492   tli4970.o
        42          8          0          4         12       1071   voltmonitor.o

    ----------------------------------------------------------------------
     17420       1456        328        260       5264     719969   Object Totals
         0          0         32          0          0          0   (incl. Generated)
        38          0          4          2          4          0   (incl. Padding)

    ----------------------------------------------------------------------

      Code (inc. data)   RO Data    RW Data    ZI Data      Debug   Library Member Name

        62         10          0          0          0        340   dunder.o
        40          0          0          0          0         68   fpclassify.o
       170          0          0          0          0         96   poly.o
      2520        190        136          0          0        324   pow.o
         0          0          8          0          0          0   qnan.o
        76          0          0          0          0         84   sqrt.o
         0          0          0          0          0          0   entry.o
         0          0          0          0          0          0   entry10a.o
         0          0          0          0          0          0   entry11a.o
         8          4          0          0          0          0   entry2.o
         4          0          0          0          0          0   entry5.o
         0          0          0          0          0          0   entry7b.o
         0          0          0          0          0          0   entry8b.o
         8          4          0          0          0          0   entry9a.o
        12          6          0          4          0         68   errno.o
        30          0          0          0          0          0   handlers.o
        36          8          0          0          0         68   init.o
         0          0          0          0          0          0   iusefp.o
        30          0          0          0          0         68   llshl.o
        36          0          0          0          0         68   llsshr.o
        32          0          0          0          0         68   llushr.o
        36          0          0          0          0         68   memcpya.o
        36          0          0          0          0        108   memseta.o
        48          0          0          0          0         68   cdrcmple.o
        20          0          0          0          0         68   cfcmple.o
       334          0          0          0          0        148   dadd.o
       222          0          0          0          0        100   ddiv.o
       186          0          0          0          0        176   depilogue.o
        62          0          0          0          0         80   dfixi.o
        34          0          0          0          0         76   dflti.o
        26          0          0          0          0         76   dfltui.o
       228          0          0          0          0         96   dmul.o
        46          0          0          0          0         80   dscalb.o
       162          0          0          0          0        100   dsqrt.o
       176          0          0          0          0        140   fadd.o
       110          0          0          0          0        168   fepilogue.o
        50          0          0          0          0         68   ffixi.o
        40          0          0          0          0         68   ffixui.o
        18          0          0          0          0         68   fflti.o
        10          0          0          0          0         68   ffltui.o
       100          0          0          0          0         76   fmul.o

    ----------------------------------------------------------------------
      5016        222        144          4          0       3152   Library Totals
         8          0          0          0          0          0   (incl. Padding)

    ----------------------------------------------------------------------

      Code (inc. data)   RO Data    RW Data    ZI Data      Debug   Library Name

      2868        200        144          0          0        912   m_ws.l
       268         22          0          4          0        516   mc_w.l
      1872          0          0          0          0       1724   mf_w.l

    ----------------------------------------------------------------------
      5016        222        144          4          0       3152   Library Totals

    ----------------------------------------------------------------------

==============================================================================


      Code (inc. data)   RO Data    RW Data    ZI Data      Debug   

     22436       1678        472        264       5264     711989   Grand Totals
     22436       1678        472        264       5264     711989   ELF Image Totals
     22436       1678        472        264          0          0   ROM Totals

==============================================================================

    Total RO  Size (Code + RO Data)                22908 (  22.37kB)
    Total RW  Size (RW Data + ZI Data)              5528 (   5.40kB)
    Total ROM Size (Code + RO Data + RW Data)      23172 (  22.63kB)

==============================================================================

